[2026-05-18T23:14:48.298+0000] {taskinstance.py:1956} INFO - Dependencies all met for dep_context=non-requeueable deps ti=<TaskInstance: etl_end_to_end_pipeline.transform_timesheets manual__2026-05-18T23:14:10+00:00 [queued]>
[2026-05-18T23:14:48.306+0000] {taskinstance.py:1956} INFO - Dependencies all met for dep_context=requeueable deps ti=<TaskInstance: etl_end_to_end_pipeline.transform_timesheets manual__2026-05-18T23:14:10+00:00 [queued]>
[2026-05-18T23:14:48.306+0000] {taskinstance.py:2170} INFO - Starting attempt 2 of 3
[2026-05-18T23:14:48.320+0000] {taskinstance.py:2191} INFO - Executing <Task(PythonOperator): transform_timesheets> on 2026-05-18 23:14:10+00:00
[2026-05-18T23:14:48.329+0000] {standard_task_runner.py:60} INFO - Started process 1283 to run task
[2026-05-18T23:14:48.332+0000] {standard_task_runner.py:87} INFO - Running: ['airflow', 'tasks', 'run', 'etl_end_to_end_pipeline', 'transform_timesheets', 'manual__2026-05-18T23:14:10+00:00', '--job-id', '60', '--raw', '--subdir', 'DAGS_FOLDER/etl_dag.py', '--cfg-path', '/tmp/tmpxoowxv9o']
[2026-05-18T23:14:48.334+0000] {standard_task_runner.py:88} INFO - Job 60: Subtask transform_timesheets
[2026-05-18T23:14:48.402+0000] {task_command.py:423} INFO - Running <TaskInstance: etl_end_to_end_pipeline.transform_timesheets manual__2026-05-18T23:14:10+00:00 [running]> on host 7e6c5cf7b6ad
[2026-05-18T23:14:48.511+0000] {taskinstance.py:2480} INFO - Exporting env vars: AIRFLOW_CTX_DAG_OWNER='airflow' AIRFLOW_CTX_DAG_ID='etl_end_to_end_pipeline' AIRFLOW_CTX_TASK_ID='transform_timesheets' AIRFLOW_CTX_EXECUTION_DATE='2026-05-18T23:14:10+00:00' AIRFLOW_CTX_TRY_NUMBER='2' AIRFLOW_CTX_DAG_RUN_ID='manual__2026-05-18T23:14:10+00:00'
[2026-05-18T23:14:48.512+0000] {etl_dag.py:63} INFO - Starting transformation of timesheet data
[2026-05-18T23:14:48.872+0000] {transform.py:49} INFO - Starting timesheet transformation rules...
[2026-05-18T23:14:49.517+0000] {logging_mixin.py:188} WARNING - /opt/airflow/dags/../src/transform.py:57 SettingWithCopyWarning: 
A value is trying to be set on a copy of a slice from a DataFrame.
Try using .loc[row_indexer,col_indexer] = value instead

See the caveats in the documentation: https://pandas.pydata.org/pandas-docs/stable/user_guide/indexing.html#returning-a-view-versus-a-copy
[2026-05-18T23:14:49.577+0000] {logging_mixin.py:188} WARNING - /opt/airflow/dags/../src/transform.py:57 SettingWithCopyWarning: 
A value is trying to be set on a copy of a slice from a DataFrame.
Try using .loc[row_indexer,col_indexer] = value instead

See the caveats in the documentation: https://pandas.pydata.org/pandas-docs/stable/user_guide/indexing.html#returning-a-view-versus-a-copy
[2026-05-18T23:14:49.632+0000] {logging_mixin.py:188} WARNING - /opt/airflow/dags/../src/transform.py:57 SettingWithCopyWarning: 
A value is trying to be set on a copy of a slice from a DataFrame.
Try using .loc[row_indexer,col_indexer] = value instead

See the caveats in the documentation: https://pandas.pydata.org/pandas-docs/stable/user_guide/indexing.html#returning-a-view-versus-a-copy
[2026-05-18T23:14:49.696+0000] {logging_mixin.py:188} WARNING - /opt/airflow/dags/../src/transform.py:57 SettingWithCopyWarning: 
A value is trying to be set on a copy of a slice from a DataFrame.
Try using .loc[row_indexer,col_indexer] = value instead

See the caveats in the documentation: https://pandas.pydata.org/pandas-docs/stable/user_guide/indexing.html#returning-a-view-versus-a-copy
[2026-05-18T23:14:49.747+0000] {logging_mixin.py:188} WARNING - /opt/airflow/dags/../src/transform.py:57 SettingWithCopyWarning: 
A value is trying to be set on a copy of a slice from a DataFrame.
Try using .loc[row_indexer,col_indexer] = value instead

See the caveats in the documentation: https://pandas.pydata.org/pandas-docs/stable/user_guide/indexing.html#returning-a-view-versus-a-copy
[2026-05-18T23:14:49.798+0000] {logging_mixin.py:188} WARNING - /opt/airflow/dags/../src/transform.py:57 SettingWithCopyWarning: 
A value is trying to be set on a copy of a slice from a DataFrame.
Try using .loc[row_indexer,col_indexer] = value instead

See the caveats in the documentation: https://pandas.pydata.org/pandas-docs/stable/user_guide/indexing.html#returning-a-view-versus-a-copy
[2026-05-18T23:14:49.849+0000] {logging_mixin.py:188} WARNING - /opt/airflow/dags/../src/transform.py:57 SettingWithCopyWarning: 
A value is trying to be set on a copy of a slice from a DataFrame.
Try using .loc[row_indexer,col_indexer] = value instead

See the caveats in the documentation: https://pandas.pydata.org/pandas-docs/stable/user_guide/indexing.html#returning-a-view-versus-a-copy
[2026-05-18T23:14:49.902+0000] {logging_mixin.py:188} WARNING - /opt/airflow/dags/../src/transform.py:57 SettingWithCopyWarning: 
A value is trying to be set on a copy of a slice from a DataFrame.
Try using .loc[row_indexer,col_indexer] = value instead

See the caveats in the documentation: https://pandas.pydata.org/pandas-docs/stable/user_guide/indexing.html#returning-a-view-versus-a-copy
[2026-05-18T23:14:49.953+0000] {logging_mixin.py:188} WARNING - /opt/airflow/dags/../src/transform.py:57 SettingWithCopyWarning: 
A value is trying to be set on a copy of a slice from a DataFrame.
Try using .loc[row_indexer,col_indexer] = value instead

See the caveats in the documentation: https://pandas.pydata.org/pandas-docs/stable/user_guide/indexing.html#returning-a-view-versus-a-copy
[2026-05-18T23:14:50.011+0000] {logging_mixin.py:188} WARNING - /opt/airflow/dags/../src/transform.py:57 SettingWithCopyWarning: 
A value is trying to be set on a copy of a slice from a DataFrame.
Try using .loc[row_indexer,col_indexer] = value instead

See the caveats in the documentation: https://pandas.pydata.org/pandas-docs/stable/user_guide/indexing.html#returning-a-view-versus-a-copy
[2026-05-18T23:14:50.071+0000] {logging_mixin.py:188} WARNING - /opt/airflow/dags/../src/transform.py:57 SettingWithCopyWarning: 
A value is trying to be set on a copy of a slice from a DataFrame.
Try using .loc[row_indexer,col_indexer] = value instead

See the caveats in the documentation: https://pandas.pydata.org/pandas-docs/stable/user_guide/indexing.html#returning-a-view-versus-a-copy
[2026-05-18T23:14:50.142+0000] {logging_mixin.py:188} WARNING - /opt/airflow/dags/../src/transform.py:57 SettingWithCopyWarning: 
A value is trying to be set on a copy of a slice from a DataFrame.
Try using .loc[row_indexer,col_indexer] = value instead

See the caveats in the documentation: https://pandas.pydata.org/pandas-docs/stable/user_guide/indexing.html#returning-a-view-versus-a-copy
[2026-05-18T23:14:50.206+0000] {logging_mixin.py:188} WARNING - /opt/airflow/dags/../src/transform.py:57 SettingWithCopyWarning: 
A value is trying to be set on a copy of a slice from a DataFrame.
Try using .loc[row_indexer,col_indexer] = value instead

See the caveats in the documentation: https://pandas.pydata.org/pandas-docs/stable/user_guide/indexing.html#returning-a-view-versus-a-copy
[2026-05-18T23:14:50.216+0000] {logging_mixin.py:188} WARNING - /opt/airflow/dags/../src/transform.py:61 SettingWithCopyWarning: 
A value is trying to be set on a copy of a slice from a DataFrame.
Try using .loc[row_indexer,col_indexer] = value instead

See the caveats in the documentation: https://pandas.pydata.org/pandas-docs/stable/user_guide/indexing.html#returning-a-view-versus-a-copy
[2026-05-18T23:14:50.241+0000] {logging_mixin.py:188} WARNING - /opt/airflow/dags/../src/transform.py:63 SettingWithCopyWarning: 
A value is trying to be set on a copy of a slice from a DataFrame.
Try using .loc[row_indexer,col_indexer] = value instead

See the caveats in the documentation: https://pandas.pydata.org/pandas-docs/stable/user_guide/indexing.html#returning-a-view-versus-a-copy
[2026-05-18T23:14:50.266+0000] {logging_mixin.py:188} WARNING - /opt/airflow/dags/../src/transform.py:65 SettingWithCopyWarning: 
A value is trying to be set on a copy of a slice from a DataFrame.
Try using .loc[row_indexer,col_indexer] = value instead

See the caveats in the documentation: https://pandas.pydata.org/pandas-docs/stable/user_guide/indexing.html#returning-a-view-versus-a-copy
[2026-05-18T23:14:50.288+0000] {logging_mixin.py:188} WARNING - /opt/airflow/dags/../src/transform.py:71 SettingWithCopyWarning: 
A value is trying to be set on a copy of a slice from a DataFrame.
Try using .loc[row_indexer,col_indexer] = value instead

See the caveats in the documentation: https://pandas.pydata.org/pandas-docs/stable/user_guide/indexing.html#returning-a-view-versus-a-copy
[2026-05-18T23:14:50.348+0000] {logging_mixin.py:188} WARNING - /opt/airflow/dags/../src/transform.py:71 SettingWithCopyWarning: 
A value is trying to be set on a copy of a slice from a DataFrame.
Try using .loc[row_indexer,col_indexer] = value instead

See the caveats in the documentation: https://pandas.pydata.org/pandas-docs/stable/user_guide/indexing.html#returning-a-view-versus-a-copy
[2026-05-18T23:14:50.407+0000] {logging_mixin.py:188} WARNING - /opt/airflow/dags/../src/transform.py:71 SettingWithCopyWarning: 
A value is trying to be set on a copy of a slice from a DataFrame.
Try using .loc[row_indexer,col_indexer] = value instead

See the caveats in the documentation: https://pandas.pydata.org/pandas-docs/stable/user_guide/indexing.html#returning-a-view-versus-a-copy
[2026-05-18T23:14:50.410+0000] {logging_mixin.py:188} WARNING - /opt/airflow/dags/../src/transform.py:76 SettingWithCopyWarning: 
A value is trying to be set on a copy of a slice from a DataFrame.
Try using .loc[row_indexer,col_indexer] = value instead

See the caveats in the documentation: https://pandas.pydata.org/pandas-docs/stable/user_guide/indexing.html#returning-a-view-versus-a-copy
[2026-05-18T23:14:50.491+0000] {logging_mixin.py:188} WARNING - /opt/airflow/dags/../src/transform.py:78 SettingWithCopyWarning: 
A value is trying to be set on a copy of a slice from a DataFrame.
Try using .loc[row_indexer,col_indexer] = value instead

See the caveats in the documentation: https://pandas.pydata.org/pandas-docs/stable/user_guide/indexing.html#returning-a-view-versus-a-copy
[2026-05-18T23:14:50.492+0000] {transform.py:80} INFO - Timesheets transformation completed successfully.
[2026-05-18T23:14:50.863+0000] {etl_dag.py:70} INFO - Successfully transformed timesheet data saved to data/processed/transformed_timesheets.parquet
[2026-05-18T23:14:50.895+0000] {python.py:201} INFO - Done. Returned value was: None
[2026-05-18T23:14:50.905+0000] {taskinstance.py:1138} INFO - Marking task as SUCCESS. dag_id=etl_end_to_end_pipeline, task_id=transform_timesheets, execution_date=20260518T231410, start_date=20260518T231448, end_date=20260518T231450
[2026-05-18T23:14:50.994+0000] {local_task_job_runner.py:234} INFO - Task exited with return code 0
[2026-05-18T23:14:51.019+0000] {taskinstance.py:3280} INFO - 1 downstream tasks scheduled from follow-on schedule check
