[2026-05-18T23:12:07.906+0000] {taskinstance.py:1956} INFO - Dependencies all met for dep_context=non-requeueable deps ti=<TaskInstance: etl_end_to_end_pipeline.transform_timesheets manual__2026-05-18T23:10:00.079216+00:00 [queued]>
[2026-05-18T23:12:07.914+0000] {taskinstance.py:1956} INFO - Dependencies all met for dep_context=requeueable deps ti=<TaskInstance: etl_end_to_end_pipeline.transform_timesheets manual__2026-05-18T23:10:00.079216+00:00 [queued]>
[2026-05-18T23:12:07.915+0000] {taskinstance.py:2170} INFO - Starting attempt 1 of 2
[2026-05-18T23:12:07.929+0000] {taskinstance.py:2191} INFO - Executing <Task(PythonOperator): transform_timesheets> on 2026-05-18 23:10:00.079216+00:00
[2026-05-18T23:12:07.938+0000] {standard_task_runner.py:60} INFO - Started process 862 to run task
[2026-05-18T23:12:07.941+0000] {standard_task_runner.py:87} INFO - Running: ['airflow', 'tasks', 'run', 'etl_end_to_end_pipeline', 'transform_timesheets', 'manual__2026-05-18T23:10:00.079216+00:00', '--job-id', '36', '--raw', '--subdir', 'DAGS_FOLDER/etl_dag.py', '--cfg-path', '/tmp/tmpvy3njiqh']
[2026-05-18T23:12:07.944+0000] {standard_task_runner.py:88} INFO - Job 36: Subtask transform_timesheets
[2026-05-18T23:12:08.029+0000] {task_command.py:423} INFO - Running <TaskInstance: etl_end_to_end_pipeline.transform_timesheets manual__2026-05-18T23:10:00.079216+00:00 [running]> on host 7e6c5cf7b6ad
[2026-05-18T23:12:08.111+0000] {taskinstance.py:2480} INFO - Exporting env vars: AIRFLOW_CTX_DAG_OWNER='airflow' AIRFLOW_CTX_DAG_ID='etl_end_to_end_pipeline' AIRFLOW_CTX_TASK_ID='transform_timesheets' AIRFLOW_CTX_EXECUTION_DATE='2026-05-18T23:10:00.079216+00:00' AIRFLOW_CTX_TRY_NUMBER='1' AIRFLOW_CTX_DAG_RUN_ID='manual__2026-05-18T23:10:00.079216+00:00'
[2026-05-18T23:12:08.112+0000] {etl_dag.py:63} INFO - Starting transformation of timesheet data
[2026-05-18T23:12:08.407+0000] {transform.py:49} INFO - Starting timesheet transformation rules...
[2026-05-18T23:12:08.968+0000] {logging_mixin.py:188} WARNING - /opt/airflow/dags/../src/transform.py:57 SettingWithCopyWarning: 
A value is trying to be set on a copy of a slice from a DataFrame.
Try using .loc[row_indexer,col_indexer] = value instead

See the caveats in the documentation: https://pandas.pydata.org/pandas-docs/stable/user_guide/indexing.html#returning-a-view-versus-a-copy
[2026-05-18T23:12:09.028+0000] {logging_mixin.py:188} WARNING - /opt/airflow/dags/../src/transform.py:57 SettingWithCopyWarning: 
A value is trying to be set on a copy of a slice from a DataFrame.
Try using .loc[row_indexer,col_indexer] = value instead

See the caveats in the documentation: https://pandas.pydata.org/pandas-docs/stable/user_guide/indexing.html#returning-a-view-versus-a-copy
[2026-05-18T23:12:09.078+0000] {logging_mixin.py:188} WARNING - /opt/airflow/dags/../src/transform.py:57 SettingWithCopyWarning: 
A value is trying to be set on a copy of a slice from a DataFrame.
Try using .loc[row_indexer,col_indexer] = value instead

See the caveats in the documentation: https://pandas.pydata.org/pandas-docs/stable/user_guide/indexing.html#returning-a-view-versus-a-copy
[2026-05-18T23:12:09.132+0000] {logging_mixin.py:188} WARNING - /opt/airflow/dags/../src/transform.py:57 SettingWithCopyWarning: 
A value is trying to be set on a copy of a slice from a DataFrame.
Try using .loc[row_indexer,col_indexer] = value instead

See the caveats in the documentation: https://pandas.pydata.org/pandas-docs/stable/user_guide/indexing.html#returning-a-view-versus-a-copy
[2026-05-18T23:12:09.184+0000] {logging_mixin.py:188} WARNING - /opt/airflow/dags/../src/transform.py:57 SettingWithCopyWarning: 
A value is trying to be set on a copy of a slice from a DataFrame.
Try using .loc[row_indexer,col_indexer] = value instead

See the caveats in the documentation: https://pandas.pydata.org/pandas-docs/stable/user_guide/indexing.html#returning-a-view-versus-a-copy
[2026-05-18T23:12:09.235+0000] {logging_mixin.py:188} WARNING - /opt/airflow/dags/../src/transform.py:57 SettingWithCopyWarning: 
A value is trying to be set on a copy of a slice from a DataFrame.
Try using .loc[row_indexer,col_indexer] = value instead

See the caveats in the documentation: https://pandas.pydata.org/pandas-docs/stable/user_guide/indexing.html#returning-a-view-versus-a-copy
[2026-05-18T23:12:09.291+0000] {logging_mixin.py:188} WARNING - /opt/airflow/dags/../src/transform.py:57 SettingWithCopyWarning: 
A value is trying to be set on a copy of a slice from a DataFrame.
Try using .loc[row_indexer,col_indexer] = value instead

See the caveats in the documentation: https://pandas.pydata.org/pandas-docs/stable/user_guide/indexing.html#returning-a-view-versus-a-copy
[2026-05-18T23:12:09.350+0000] {logging_mixin.py:188} WARNING - /opt/airflow/dags/../src/transform.py:57 SettingWithCopyWarning: 
A value is trying to be set on a copy of a slice from a DataFrame.
Try using .loc[row_indexer,col_indexer] = value instead

See the caveats in the documentation: https://pandas.pydata.org/pandas-docs/stable/user_guide/indexing.html#returning-a-view-versus-a-copy
[2026-05-18T23:12:09.418+0000] {logging_mixin.py:188} WARNING - /opt/airflow/dags/../src/transform.py:57 SettingWithCopyWarning: 
A value is trying to be set on a copy of a slice from a DataFrame.
Try using .loc[row_indexer,col_indexer] = value instead

See the caveats in the documentation: https://pandas.pydata.org/pandas-docs/stable/user_guide/indexing.html#returning-a-view-versus-a-copy
[2026-05-18T23:12:09.508+0000] {logging_mixin.py:188} WARNING - /opt/airflow/dags/../src/transform.py:57 SettingWithCopyWarning: 
A value is trying to be set on a copy of a slice from a DataFrame.
Try using .loc[row_indexer,col_indexer] = value instead

See the caveats in the documentation: https://pandas.pydata.org/pandas-docs/stable/user_guide/indexing.html#returning-a-view-versus-a-copy
[2026-05-18T23:12:09.579+0000] {logging_mixin.py:188} WARNING - /opt/airflow/dags/../src/transform.py:57 SettingWithCopyWarning: 
A value is trying to be set on a copy of a slice from a DataFrame.
Try using .loc[row_indexer,col_indexer] = value instead

See the caveats in the documentation: https://pandas.pydata.org/pandas-docs/stable/user_guide/indexing.html#returning-a-view-versus-a-copy
[2026-05-18T23:12:09.635+0000] {logging_mixin.py:188} WARNING - /opt/airflow/dags/../src/transform.py:57 SettingWithCopyWarning: 
A value is trying to be set on a copy of a slice from a DataFrame.
Try using .loc[row_indexer,col_indexer] = value instead

See the caveats in the documentation: https://pandas.pydata.org/pandas-docs/stable/user_guide/indexing.html#returning-a-view-versus-a-copy
[2026-05-18T23:12:09.732+0000] {logging_mixin.py:188} WARNING - /opt/airflow/dags/../src/transform.py:57 SettingWithCopyWarning: 
A value is trying to be set on a copy of a slice from a DataFrame.
Try using .loc[row_indexer,col_indexer] = value instead

See the caveats in the documentation: https://pandas.pydata.org/pandas-docs/stable/user_guide/indexing.html#returning-a-view-versus-a-copy
[2026-05-18T23:12:09.750+0000] {logging_mixin.py:188} WARNING - /opt/airflow/dags/../src/transform.py:61 SettingWithCopyWarning: 
A value is trying to be set on a copy of a slice from a DataFrame.
Try using .loc[row_indexer,col_indexer] = value instead

See the caveats in the documentation: https://pandas.pydata.org/pandas-docs/stable/user_guide/indexing.html#returning-a-view-versus-a-copy
[2026-05-18T23:12:09.781+0000] {logging_mixin.py:188} WARNING - /opt/airflow/dags/../src/transform.py:63 SettingWithCopyWarning: 
A value is trying to be set on a copy of a slice from a DataFrame.
Try using .loc[row_indexer,col_indexer] = value instead

See the caveats in the documentation: https://pandas.pydata.org/pandas-docs/stable/user_guide/indexing.html#returning-a-view-versus-a-copy
[2026-05-18T23:12:09.806+0000] {logging_mixin.py:188} WARNING - /opt/airflow/dags/../src/transform.py:65 SettingWithCopyWarning: 
A value is trying to be set on a copy of a slice from a DataFrame.
Try using .loc[row_indexer,col_indexer] = value instead

See the caveats in the documentation: https://pandas.pydata.org/pandas-docs/stable/user_guide/indexing.html#returning-a-view-versus-a-copy
[2026-05-18T23:12:09.835+0000] {logging_mixin.py:188} WARNING - /opt/airflow/dags/../src/transform.py:71 SettingWithCopyWarning: 
A value is trying to be set on a copy of a slice from a DataFrame.
Try using .loc[row_indexer,col_indexer] = value instead

See the caveats in the documentation: https://pandas.pydata.org/pandas-docs/stable/user_guide/indexing.html#returning-a-view-versus-a-copy
[2026-05-18T23:12:09.910+0000] {logging_mixin.py:188} WARNING - /opt/airflow/dags/../src/transform.py:71 SettingWithCopyWarning: 
A value is trying to be set on a copy of a slice from a DataFrame.
Try using .loc[row_indexer,col_indexer] = value instead

See the caveats in the documentation: https://pandas.pydata.org/pandas-docs/stable/user_guide/indexing.html#returning-a-view-versus-a-copy
[2026-05-18T23:12:09.981+0000] {logging_mixin.py:188} WARNING - /opt/airflow/dags/../src/transform.py:71 SettingWithCopyWarning: 
A value is trying to be set on a copy of a slice from a DataFrame.
Try using .loc[row_indexer,col_indexer] = value instead

See the caveats in the documentation: https://pandas.pydata.org/pandas-docs/stable/user_guide/indexing.html#returning-a-view-versus-a-copy
[2026-05-18T23:12:09.984+0000] {logging_mixin.py:188} WARNING - /opt/airflow/dags/../src/transform.py:76 SettingWithCopyWarning: 
A value is trying to be set on a copy of a slice from a DataFrame.
Try using .loc[row_indexer,col_indexer] = value instead

See the caveats in the documentation: https://pandas.pydata.org/pandas-docs/stable/user_guide/indexing.html#returning-a-view-versus-a-copy
[2026-05-18T23:12:10.064+0000] {logging_mixin.py:188} WARNING - /opt/airflow/dags/../src/transform.py:78 SettingWithCopyWarning: 
A value is trying to be set on a copy of a slice from a DataFrame.
Try using .loc[row_indexer,col_indexer] = value instead

See the caveats in the documentation: https://pandas.pydata.org/pandas-docs/stable/user_guide/indexing.html#returning-a-view-versus-a-copy
[2026-05-18T23:12:10.065+0000] {transform.py:80} INFO - Timesheets transformation completed successfully.
[2026-05-18T23:12:10.468+0000] {etl_dag.py:70} INFO - Successfully transformed timesheet data saved to data/processed/transformed_timesheets.parquet
[2026-05-18T23:12:10.510+0000] {python.py:201} INFO - Done. Returned value was: None
[2026-05-18T23:12:10.523+0000] {taskinstance.py:1138} INFO - Marking task as SUCCESS. dag_id=etl_end_to_end_pipeline, task_id=transform_timesheets, execution_date=20260518T231000, start_date=20260518T231207, end_date=20260518T231210
[2026-05-18T23:12:10.605+0000] {local_task_job_runner.py:234} INFO - Task exited with return code 0
[2026-05-18T23:12:10.634+0000] {taskinstance.py:3280} INFO - 1 downstream tasks scheduled from follow-on schedule check
