[2026-05-18T22:09:09.844+0000] {manager.py:469} INFO - Processing files using up to 2 processes at a time 
[2026-05-18T22:09:09.855+0000] {manager.py:470} INFO - Process each file at most once every 30 seconds
[2026-05-18T22:09:09.856+0000] {manager.py:471} INFO - Checking for new files in /opt/airflow/dags every 300 seconds
[2026-05-18T22:09:09.857+0000] {manager.py:738} INFO - Searching for files in /opt/airflow/dags
[2026-05-18T22:09:09.883+0000] {manager.py:741} INFO - There are 1 files in /opt/airflow/dags
[2026-05-18T22:09:10.007+0000] {manager.py:879} INFO - 
================================================================================
DAG File Processing Stats

File Path                       PID  Runtime      # DAGs    # Errors  Last Runtime    Last Run
----------------------------  -----  ---------  --------  ----------  --------------  ----------
/opt/airflow/dags/etl_dag.py    233  0.05s             0           0
================================================================================
[2026-05-18T22:09:40.151+0000] {manager.py:879} INFO - 
================================================================================
DAG File Processing Stats

File Path                     PID    Runtime      # DAGs    # Errors  Last Runtime    Last Run
----------------------------  -----  ---------  --------  ----------  --------------  -------------------
/opt/airflow/dags/etl_dag.py                           0           1  1.31s           2026-05-18T22:09:11
================================================================================
[2026-05-18T22:10:10.534+0000] {manager.py:879} INFO - 
================================================================================
DAG File Processing Stats

File Path                     PID    Runtime      # DAGs    # Errors  Last Runtime    Last Run
----------------------------  -----  ---------  --------  ----------  --------------  -------------------
/opt/airflow/dags/etl_dag.py                           0           1  0.56s           2026-05-18T22:09:41
================================================================================
[2026-05-18T22:10:40.693+0000] {manager.py:879} INFO - 
================================================================================
DAG File Processing Stats

File Path                     PID    Runtime      # DAGs    # Errors  Last Runtime    Last Run
----------------------------  -----  ---------  --------  ----------  --------------  -------------------
/opt/airflow/dags/etl_dag.py                           0           1  0.55s           2026-05-18T22:10:12
================================================================================
[2026-05-18T22:11:10.929+0000] {manager.py:879} INFO - 
================================================================================
DAG File Processing Stats

File Path                     PID    Runtime      # DAGs    # Errors  Last Runtime    Last Run
----------------------------  -----  ---------  --------  ----------  --------------  -------------------
/opt/airflow/dags/etl_dag.py                           0           1  0.56s           2026-05-18T22:10:43
================================================================================
[2026-05-18T22:11:41.090+0000] {manager.py:879} INFO - 
================================================================================
DAG File Processing Stats

File Path                     PID    Runtime      # DAGs    # Errors  Last Runtime    Last Run
----------------------------  -----  ---------  --------  ----------  --------------  -------------------
/opt/airflow/dags/etl_dag.py                           0           1  0.58s           2026-05-18T22:11:14
================================================================================
[2026-05-18T22:12:11.264+0000] {manager.py:879} INFO - 
================================================================================
DAG File Processing Stats

File Path                     PID    Runtime      # DAGs    # Errors  Last Runtime    Last Run
----------------------------  -----  ---------  --------  ----------  --------------  -------------------
/opt/airflow/dags/etl_dag.py                           0           1  0.54s           2026-05-18T22:11:44
================================================================================
[2026-05-18T22:12:41.413+0000] {manager.py:879} INFO - 
================================================================================
DAG File Processing Stats

File Path                     PID    Runtime      # DAGs    # Errors  Last Runtime    Last Run
----------------------------  -----  ---------  --------  ----------  --------------  -------------------
/opt/airflow/dags/etl_dag.py                           0           1  0.57s           2026-05-18T22:12:15
================================================================================
[2026-05-18T22:13:11.566+0000] {manager.py:879} INFO - 
================================================================================
DAG File Processing Stats

File Path                     PID    Runtime      # DAGs    # Errors  Last Runtime    Last Run
----------------------------  -----  ---------  --------  ----------  --------------  -------------------
/opt/airflow/dags/etl_dag.py                           1           0  1.00s           2026-05-18T22:12:46
================================================================================
[2026-05-18T22:13:41.750+0000] {manager.py:879} INFO - 
================================================================================
DAG File Processing Stats

File Path                     PID    Runtime      # DAGs    # Errors  Last Runtime    Last Run
----------------------------  -----  ---------  --------  ----------  --------------  -------------------
/opt/airflow/dags/etl_dag.py                           1           0  0.63s           2026-05-18T22:13:17
================================================================================
[2026-05-18T22:14:09.900+0000] {manager.py:738} INFO - Searching for files in /opt/airflow/dags
[2026-05-18T22:14:09.920+0000] {manager.py:741} INFO - There are 1 files in /opt/airflow/dags
[2026-05-18T22:14:11.946+0000] {manager.py:879} INFO - 
================================================================================
DAG File Processing Stats

File Path                     PID    Runtime      # DAGs    # Errors  Last Runtime    Last Run
----------------------------  -----  ---------  --------  ----------  --------------  -------------------
/opt/airflow/dags/etl_dag.py                           1           0  0.61s           2026-05-18T22:13:48
================================================================================
[2026-05-18T22:14:42.273+0000] {manager.py:879} INFO - 
================================================================================
DAG File Processing Stats

File Path                     PID    Runtime      # DAGs    # Errors  Last Runtime    Last Run
----------------------------  -----  ---------  --------  ----------  --------------  -------------------
/opt/airflow/dags/etl_dag.py                           1           0  0.64s           2026-05-18T22:14:18
================================================================================
[2026-05-18T22:15:12.428+0000] {manager.py:879} INFO - 
================================================================================
DAG File Processing Stats

File Path                     PID    Runtime      # DAGs    # Errors  Last Runtime    Last Run
----------------------------  -----  ---------  --------  ----------  --------------  -------------------
/opt/airflow/dags/etl_dag.py                           1           0  0.60s           2026-05-18T22:14:49
================================================================================
[2026-05-18T22:15:42.439+0000] {manager.py:879} INFO - 
================================================================================
DAG File Processing Stats

File Path                     PID    Runtime      # DAGs    # Errors  Last Runtime    Last Run
----------------------------  -----  ---------  --------  ----------  --------------  -------------------
/opt/airflow/dags/etl_dag.py                           1           0  0.61s           2026-05-18T22:15:20
================================================================================
[2026-05-18T22:16:12.970+0000] {manager.py:879} INFO - 
================================================================================
DAG File Processing Stats

File Path                     PID    Runtime      # DAGs    # Errors  Last Runtime    Last Run
----------------------------  -----  ---------  --------  ----------  --------------  -------------------
/opt/airflow/dags/etl_dag.py                           1           0  0.60s           2026-05-18T22:15:51
================================================================================
[2026-05-18T22:16:43.350+0000] {manager.py:879} INFO - 
================================================================================
DAG File Processing Stats

File Path                     PID    Runtime      # DAGs    # Errors  Last Runtime    Last Run
----------------------------  -----  ---------  --------  ----------  --------------  -------------------
/opt/airflow/dags/etl_dag.py                           1           0  0.62s           2026-05-18T22:16:21
================================================================================
[2026-05-18T22:17:13.507+0000] {manager.py:879} INFO - 
================================================================================
DAG File Processing Stats

File Path                     PID    Runtime      # DAGs    # Errors  Last Runtime    Last Run
----------------------------  -----  ---------  --------  ----------  --------------  -------------------
/opt/airflow/dags/etl_dag.py                           1           0  0.60s           2026-05-18T22:16:52
================================================================================
[2026-05-18T22:17:43.866+0000] {manager.py:879} INFO - 
================================================================================
DAG File Processing Stats

File Path                     PID    Runtime      # DAGs    # Errors  Last Runtime    Last Run
----------------------------  -----  ---------  --------  ----------  --------------  -------------------
/opt/airflow/dags/etl_dag.py                           1           0  0.60s           2026-05-18T22:17:23
================================================================================
[2026-05-18T22:18:14.026+0000] {manager.py:879} INFO - 
================================================================================
DAG File Processing Stats

File Path                     PID    Runtime      # DAGs    # Errors  Last Runtime    Last Run
----------------------------  -----  ---------  --------  ----------  --------------  -------------------
/opt/airflow/dags/etl_dag.py                           1           0  0.64s           2026-05-18T22:17:54
================================================================================
[2026-05-18T22:18:44.408+0000] {manager.py:879} INFO - 
================================================================================
DAG File Processing Stats

File Path                     PID    Runtime      # DAGs    # Errors  Last Runtime    Last Run
----------------------------  -----  ---------  --------  ----------  --------------  -------------------
/opt/airflow/dags/etl_dag.py                           1           0  0.60s           2026-05-18T22:18:24
================================================================================
[2026-05-18T22:19:10.549+0000] {manager.py:738} INFO - Searching for files in /opt/airflow/dags
[2026-05-18T22:19:10.566+0000] {manager.py:741} INFO - There are 1 files in /opt/airflow/dags
[2026-05-18T22:19:14.595+0000] {manager.py:879} INFO - 
================================================================================
DAG File Processing Stats

File Path                     PID    Runtime      # DAGs    # Errors  Last Runtime    Last Run
----------------------------  -----  ---------  --------  ----------  --------------  -------------------
/opt/airflow/dags/etl_dag.py                           1           0  0.60s           2026-05-18T22:18:55
================================================================================
[2026-05-18T22:19:44.899+0000] {manager.py:879} INFO - 
================================================================================
DAG File Processing Stats

File Path                     PID    Runtime      # DAGs    # Errors  Last Runtime    Last Run
----------------------------  -----  ---------  --------  ----------  --------------  -------------------
/opt/airflow/dags/etl_dag.py                           1           0  0.62s           2026-05-18T22:19:26
================================================================================
[2026-05-18T22:20:15.057+0000] {manager.py:879} INFO - 
================================================================================
DAG File Processing Stats

File Path                     PID    Runtime      # DAGs    # Errors  Last Runtime    Last Run
----------------------------  -----  ---------  --------  ----------  --------------  -------------------
/opt/airflow/dags/etl_dag.py                           1           0  0.60s           2026-05-18T22:19:57
================================================================================
[2026-05-18T22:20:45.423+0000] {manager.py:879} INFO - 
================================================================================
DAG File Processing Stats

File Path                     PID    Runtime      # DAGs    # Errors  Last Runtime    Last Run
----------------------------  -----  ---------  --------  ----------  --------------  -------------------
/opt/airflow/dags/etl_dag.py                           1           0  0.63s           2026-05-18T22:20:27
================================================================================
[2026-05-18T22:21:15.582+0000] {manager.py:879} INFO - 
================================================================================
DAG File Processing Stats

File Path                     PID    Runtime      # DAGs    # Errors  Last Runtime    Last Run
----------------------------  -----  ---------  --------  ----------  --------------  -------------------
/opt/airflow/dags/etl_dag.py                           1           0  0.59s           2026-05-18T22:20:58
================================================================================
[2026-05-18T22:21:45.944+0000] {manager.py:879} INFO - 
================================================================================
DAG File Processing Stats

File Path                     PID    Runtime      # DAGs    # Errors  Last Runtime    Last Run
----------------------------  -----  ---------  --------  ----------  --------------  -------------------
/opt/airflow/dags/etl_dag.py                           1           0  1.39s           2026-05-18T22:21:30
================================================================================
[2026-05-18T22:22:16.103+0000] {manager.py:879} INFO - 
================================================================================
DAG File Processing Stats

File Path                     PID    Runtime      # DAGs    # Errors  Last Runtime    Last Run
----------------------------  -----  ---------  --------  ----------  --------------  -------------------
/opt/airflow/dags/etl_dag.py                           1           0  0.75s           2026-05-18T22:22:01
================================================================================
[2026-05-18T22:22:46.344+0000] {manager.py:879} INFO - 
================================================================================
DAG File Processing Stats

File Path                     PID    Runtime      # DAGs    # Errors  Last Runtime    Last Run
----------------------------  -----  ---------  --------  ----------  --------------  -------------------
/opt/airflow/dags/etl_dag.py                           1           0  0.59s           2026-05-18T22:22:31
================================================================================
[2026-05-18T22:23:16.503+0000] {manager.py:879} INFO - 
================================================================================
DAG File Processing Stats

File Path                     PID    Runtime      # DAGs    # Errors  Last Runtime    Last Run
----------------------------  -----  ---------  --------  ----------  --------------  -------------------
/opt/airflow/dags/etl_dag.py                           1           0  0.73s           2026-05-18T22:23:02
================================================================================
[2026-05-18T22:23:46.898+0000] {manager.py:879} INFO - 
================================================================================
DAG File Processing Stats

File Path                     PID    Runtime      # DAGs    # Errors  Last Runtime    Last Run
----------------------------  -----  ---------  --------  ----------  --------------  -------------------
/opt/airflow/dags/etl_dag.py                           1           0  0.60s           2026-05-18T22:23:33
================================================================================
[2026-05-18T22:24:11.019+0000] {manager.py:738} INFO - Searching for files in /opt/airflow/dags
[2026-05-18T22:24:11.035+0000] {manager.py:741} INFO - There are 1 files in /opt/airflow/dags
[2026-05-18T22:24:17.074+0000] {manager.py:879} INFO - 
================================================================================
DAG File Processing Stats

File Path                     PID    Runtime      # DAGs    # Errors  Last Runtime    Last Run
----------------------------  -----  ---------  --------  ----------  --------------  -------------------
/opt/airflow/dags/etl_dag.py                           1           0  0.64s           2026-05-18T22:24:04
================================================================================
[2026-05-18T22:24:47.432+0000] {manager.py:879} INFO - 
================================================================================
DAG File Processing Stats

File Path                     PID    Runtime      # DAGs    # Errors  Last Runtime    Last Run
----------------------------  -----  ---------  --------  ----------  --------------  -------------------
/opt/airflow/dags/etl_dag.py                           1           0  0.64s           2026-05-18T22:24:35
================================================================================
[2026-05-18T22:25:17.582+0000] {manager.py:879} INFO - 
================================================================================
DAG File Processing Stats

File Path                     PID    Runtime      # DAGs    # Errors  Last Runtime    Last Run
----------------------------  -----  ---------  --------  ----------  --------------  -------------------
/opt/airflow/dags/etl_dag.py                           1           0  0.63s           2026-05-18T22:25:05
================================================================================
[2026-05-18T22:25:47.624+0000] {manager.py:879} INFO - 
================================================================================
DAG File Processing Stats

File Path                     PID    Runtime      # DAGs    # Errors  Last Runtime    Last Run
----------------------------  -----  ---------  --------  ----------  --------------  -------------------
/opt/airflow/dags/etl_dag.py                           1           0  0.62s           2026-05-18T22:25:36
================================================================================
[2026-05-18T22:26:18.150+0000] {manager.py:879} INFO - 
================================================================================
DAG File Processing Stats

File Path                     PID    Runtime      # DAGs    # Errors  Last Runtime    Last Run
----------------------------  -----  ---------  --------  ----------  --------------  -------------------
/opt/airflow/dags/etl_dag.py                           1           0  0.59s           2026-05-18T22:26:07
================================================================================
[2026-05-18T22:26:48.526+0000] {manager.py:879} INFO - 
================================================================================
DAG File Processing Stats

File Path                     PID    Runtime      # DAGs    # Errors  Last Runtime    Last Run
----------------------------  -----  ---------  --------  ----------  --------------  -------------------
/opt/airflow/dags/etl_dag.py                           1           0  0.59s           2026-05-18T22:26:38
================================================================================
[2026-05-18T22:27:18.678+0000] {manager.py:879} INFO - 
================================================================================
DAG File Processing Stats

File Path                     PID    Runtime      # DAGs    # Errors  Last Runtime    Last Run
----------------------------  -----  ---------  --------  ----------  --------------  -------------------
/opt/airflow/dags/etl_dag.py                           1           0  0.63s           2026-05-18T22:27:08
================================================================================
[2026-05-18T22:27:49.054+0000] {manager.py:879} INFO - 
================================================================================
DAG File Processing Stats

File Path                     PID    Runtime      # DAGs    # Errors  Last Runtime    Last Run
----------------------------  -----  ---------  --------  ----------  --------------  -------------------
/opt/airflow/dags/etl_dag.py                           1           0  0.62s           2026-05-18T22:27:39
================================================================================
[2026-05-18T22:28:19.209+0000] {manager.py:879} INFO - 
================================================================================
DAG File Processing Stats

File Path                     PID    Runtime      # DAGs    # Errors  Last Runtime    Last Run
----------------------------  -----  ---------  --------  ----------  --------------  -------------------
/opt/airflow/dags/etl_dag.py                           1           0  0.59s           2026-05-18T22:28:10
================================================================================
[2026-05-18T22:28:49.567+0000] {manager.py:879} INFO - 
================================================================================
DAG File Processing Stats

File Path                     PID    Runtime      # DAGs    # Errors  Last Runtime    Last Run
----------------------------  -----  ---------  --------  ----------  --------------  -------------------
/opt/airflow/dags/etl_dag.py                           1           0  0.59s           2026-05-18T22:28:41
================================================================================
[2026-05-18T22:29:11.263+0000] {manager.py:738} INFO - Searching for files in /opt/airflow/dags
[2026-05-18T22:29:11.279+0000] {manager.py:741} INFO - There are 1 files in /opt/airflow/dags
[2026-05-18T22:29:19.728+0000] {manager.py:879} INFO - 
================================================================================
DAG File Processing Stats

File Path                     PID    Runtime      # DAGs    # Errors  Last Runtime    Last Run
----------------------------  -----  ---------  --------  ----------  --------------  -------------------
/opt/airflow/dags/etl_dag.py                           1           0  0.59s           2026-05-18T22:29:11
================================================================================
[2026-05-18T22:29:50.081+0000] {manager.py:879} INFO - 
================================================================================
DAG File Processing Stats

File Path                     PID    Runtime      # DAGs    # Errors  Last Runtime    Last Run
----------------------------  -----  ---------  --------  ----------  --------------  -------------------
/opt/airflow/dags/etl_dag.py                           1           0  0.59s           2026-05-18T22:29:42
================================================================================
[2026-05-18T22:30:20.227+0000] {manager.py:879} INFO - 
================================================================================
DAG File Processing Stats

File Path                     PID    Runtime      # DAGs    # Errors  Last Runtime    Last Run
----------------------------  -----  ---------  --------  ----------  --------------  -------------------
/opt/airflow/dags/etl_dag.py                           1           0  0.61s           2026-05-18T22:30:13
================================================================================
[2026-05-18T22:30:50.568+0000] {manager.py:879} INFO - 
================================================================================
DAG File Processing Stats

File Path                     PID    Runtime      # DAGs    # Errors  Last Runtime    Last Run
----------------------------  -----  ---------  --------  ----------  --------------  -------------------
/opt/airflow/dags/etl_dag.py                           1           0  0.59s           2026-05-18T22:30:44
================================================================================
[2026-05-18T22:31:20.732+0000] {manager.py:879} INFO - 
================================================================================
DAG File Processing Stats

File Path                     PID    Runtime      # DAGs    # Errors  Last Runtime    Last Run
----------------------------  -----  ---------  --------  ----------  --------------  -------------------
/opt/airflow/dags/etl_dag.py                           1           0  0.62s           2026-05-18T22:31:14
================================================================================
[2026-05-18T22:31:51.091+0000] {manager.py:879} INFO - 
================================================================================
DAG File Processing Stats

File Path                     PID    Runtime      # DAGs    # Errors  Last Runtime    Last Run
----------------------------  -----  ---------  --------  ----------  --------------  -------------------
/opt/airflow/dags/etl_dag.py                           1           0  0.62s           2026-05-18T22:31:45
================================================================================
[2026-05-18T22:32:21.245+0000] {manager.py:879} INFO - 
================================================================================
DAG File Processing Stats

File Path                     PID    Runtime      # DAGs    # Errors  Last Runtime    Last Run
----------------------------  -----  ---------  --------  ----------  --------------  -------------------
/opt/airflow/dags/etl_dag.py                           1           0  0.61s           2026-05-18T22:32:16
================================================================================
[2026-05-18T22:32:51.619+0000] {manager.py:879} INFO - 
================================================================================
DAG File Processing Stats

File Path                     PID    Runtime      # DAGs    # Errors  Last Runtime    Last Run
----------------------------  -----  ---------  --------  ----------  --------------  -------------------
/opt/airflow/dags/etl_dag.py                           1           0  0.62s           2026-05-18T22:32:47
================================================================================
[2026-05-18T22:33:21.763+0000] {manager.py:879} INFO - 
================================================================================
DAG File Processing Stats

File Path                     PID    Runtime      # DAGs    # Errors  Last Runtime    Last Run
----------------------------  -----  ---------  --------  ----------  --------------  -------------------
/opt/airflow/dags/etl_dag.py                           1           0  0.63s           2026-05-18T22:33:18
================================================================================
[2026-05-18T22:33:51.784+0000] {manager.py:879} INFO - 
================================================================================
DAG File Processing Stats

File Path                     PID    Runtime      # DAGs    # Errors  Last Runtime    Last Run
----------------------------  -----  ---------  --------  ----------  --------------  -------------------
/opt/airflow/dags/etl_dag.py                           1           0  0.60s           2026-05-18T22:33:48
================================================================================
[2026-05-18T22:34:11.280+0000] {manager.py:738} INFO - Searching for files in /opt/airflow/dags
[2026-05-18T22:34:11.296+0000] {manager.py:741} INFO - There are 1 files in /opt/airflow/dags
[2026-05-18T22:34:22.365+0000] {manager.py:879} INFO - 
================================================================================
DAG File Processing Stats

File Path                     PID    Runtime      # DAGs    # Errors  Last Runtime    Last Run
----------------------------  -----  ---------  --------  ----------  --------------  -------------------
/opt/airflow/dags/etl_dag.py                           1           0  0.63s           2026-05-18T22:34:19
================================================================================
[2026-05-18T22:34:52.719+0000] {manager.py:879} INFO - 
================================================================================
DAG File Processing Stats

File Path                     PID    Runtime      # DAGs    # Errors  Last Runtime    Last Run
----------------------------  -----  ---------  --------  ----------  --------------  -------------------
/opt/airflow/dags/etl_dag.py                           1           0  0.60s           2026-05-18T22:34:50
================================================================================
[2026-05-18T22:35:22.877+0000] {manager.py:879} INFO - 
================================================================================
DAG File Processing Stats

File Path                     PID    Runtime      # DAGs    # Errors  Last Runtime    Last Run
----------------------------  -----  ---------  --------  ----------  --------------  -------------------
/opt/airflow/dags/etl_dag.py                           1           0  0.76s           2026-05-18T22:35:21
================================================================================
[2026-05-18T22:35:52.996+0000] {manager.py:879} INFO - 
================================================================================
DAG File Processing Stats

File Path                     PID    Runtime      # DAGs    # Errors  Last Runtime    Last Run
----------------------------  -----  ---------  --------  ----------  --------------  -------------------
/opt/airflow/dags/etl_dag.py                           1           0  0.59s           2026-05-18T22:35:51
================================================================================
[2026-05-18T22:36:23.558+0000] {manager.py:879} INFO - 
================================================================================
DAG File Processing Stats

File Path                     PID    Runtime      # DAGs    # Errors  Last Runtime    Last Run
----------------------------  -----  ---------  --------  ----------  --------------  -------------------
/opt/airflow/dags/etl_dag.py                           1           0  0.60s           2026-05-18T22:36:22
================================================================================
[2026-05-18T22:36:53.906+0000] {manager.py:879} INFO - 
================================================================================
DAG File Processing Stats

File Path                     PID    Runtime      # DAGs    # Errors  Last Runtime    Last Run
----------------------------  -----  ---------  --------  ----------  --------------  -------------------
/opt/airflow/dags/etl_dag.py                           1           0  0.61s           2026-05-18T22:36:53
================================================================================
[2026-05-18T22:37:24.055+0000] {manager.py:879} INFO - 
================================================================================
DAG File Processing Stats

File Path                       PID  Runtime      # DAGs    # Errors  Last Runtime    Last Run
----------------------------  -----  ---------  --------  ----------  --------------  -------------------
/opt/airflow/dags/etl_dag.py    920  0.38s             1           0  0.61s           2026-05-18T22:36:53
================================================================================
[2026-05-18T22:37:54.204+0000] {manager.py:879} INFO - 
================================================================================
DAG File Processing Stats

File Path                     PID    Runtime      # DAGs    # Errors  Last Runtime    Last Run
----------------------------  -----  ---------  --------  ----------  --------------  -------------------
/opt/airflow/dags/etl_dag.py                           1           0  0.61s           2026-05-18T22:37:24
================================================================================
[2026-05-18T22:38:24.588+0000] {manager.py:879} INFO - 
================================================================================
DAG File Processing Stats

File Path                     PID    Runtime      # DAGs    # Errors  Last Runtime    Last Run
----------------------------  -----  ---------  --------  ----------  --------------  -------------------
/opt/airflow/dags/etl_dag.py                           1           0  0.62s           2026-05-18T22:37:55
================================================================================
[2026-05-18T22:38:54.740+0000] {manager.py:879} INFO - 
================================================================================
DAG File Processing Stats

File Path                     PID    Runtime      # DAGs    # Errors  Last Runtime    Last Run
----------------------------  -----  ---------  --------  ----------  --------------  -------------------
/opt/airflow/dags/etl_dag.py                           1           0  0.61s           2026-05-18T22:38:25
================================================================================
[2026-05-18T22:39:11.653+0000] {manager.py:738} INFO - Searching for files in /opt/airflow/dags
[2026-05-18T22:39:11.670+0000] {manager.py:741} INFO - There are 1 files in /opt/airflow/dags
[2026-05-18T22:39:24.743+0000] {manager.py:879} INFO - 
================================================================================
DAG File Processing Stats

File Path                     PID    Runtime      # DAGs    # Errors  Last Runtime    Last Run
----------------------------  -----  ---------  --------  ----------  --------------  -------------------
/opt/airflow/dags/etl_dag.py                           1           0  0.59s           2026-05-18T22:38:56
================================================================================
[2026-05-18T22:39:55.308+0000] {manager.py:879} INFO - 
================================================================================
DAG File Processing Stats

File Path                     PID    Runtime      # DAGs    # Errors  Last Runtime    Last Run
----------------------------  -----  ---------  --------  ----------  --------------  -------------------
/opt/airflow/dags/etl_dag.py                           1           0  0.61s           2026-05-18T22:39:27
================================================================================
[2026-05-18T22:40:25.653+0000] {manager.py:879} INFO - 
================================================================================
DAG File Processing Stats

File Path                     PID    Runtime      # DAGs    # Errors  Last Runtime    Last Run
----------------------------  -----  ---------  --------  ----------  --------------  -------------------
/opt/airflow/dags/etl_dag.py                           1           0  0.61s           2026-05-18T22:39:58
================================================================================
[2026-05-18T22:40:55.810+0000] {manager.py:879} INFO - 
================================================================================
DAG File Processing Stats

File Path                     PID    Runtime      # DAGs    # Errors  Last Runtime    Last Run
----------------------------  -----  ---------  --------  ----------  --------------  -------------------
/opt/airflow/dags/etl_dag.py                           1           0  0.61s           2026-05-18T22:40:28
================================================================================
[2026-05-18T22:41:26.177+0000] {manager.py:879} INFO - 
================================================================================
DAG File Processing Stats

File Path                     PID    Runtime      # DAGs    # Errors  Last Runtime    Last Run
----------------------------  -----  ---------  --------  ----------  --------------  -------------------
/opt/airflow/dags/etl_dag.py                           1           0  0.60s           2026-05-18T22:40:59
================================================================================
[2026-05-18T22:41:56.334+0000] {manager.py:879} INFO - 
================================================================================
DAG File Processing Stats

File Path                     PID    Runtime      # DAGs    # Errors  Last Runtime    Last Run
----------------------------  -----  ---------  --------  ----------  --------------  -------------------
/opt/airflow/dags/etl_dag.py                           1           0  0.59s           2026-05-18T22:41:30
================================================================================
[2026-05-18T22:42:26.666+0000] {manager.py:879} INFO - 
================================================================================
DAG File Processing Stats

File Path                     PID    Runtime      # DAGs    # Errors  Last Runtime    Last Run
----------------------------  -----  ---------  --------  ----------  --------------  -------------------
/opt/airflow/dags/etl_dag.py                           1           0  0.59s           2026-05-18T22:42:01
================================================================================
[2026-05-18T22:42:56.827+0000] {manager.py:879} INFO - 
================================================================================
DAG File Processing Stats

File Path                     PID    Runtime      # DAGs    # Errors  Last Runtime    Last Run
----------------------------  -----  ---------  --------  ----------  --------------  -------------------
/opt/airflow/dags/etl_dag.py                           1           0  0.61s           2026-05-18T22:42:31
================================================================================
[2026-05-18T22:43:27.184+0000] {manager.py:879} INFO - 
================================================================================
DAG File Processing Stats

File Path                     PID    Runtime      # DAGs    # Errors  Last Runtime    Last Run
----------------------------  -----  ---------  --------  ----------  --------------  -------------------
/opt/airflow/dags/etl_dag.py                           1           0  0.61s           2026-05-18T22:43:02
================================================================================
[2026-05-18T22:43:57.344+0000] {manager.py:879} INFO - 
================================================================================
DAG File Processing Stats

File Path                     PID    Runtime      # DAGs    # Errors  Last Runtime    Last Run
----------------------------  -----  ---------  --------  ----------  --------------  -------------------
/opt/airflow/dags/etl_dag.py                           1           0  0.60s           2026-05-18T22:43:33
================================================================================
[2026-05-18T22:44:12.231+0000] {manager.py:738} INFO - Searching for files in /opt/airflow/dags
[2026-05-18T22:44:12.247+0000] {manager.py:741} INFO - There are 1 files in /opt/airflow/dags
[2026-05-18T22:44:27.696+0000] {manager.py:879} INFO - 
================================================================================
DAG File Processing Stats

File Path                     PID    Runtime      # DAGs    # Errors  Last Runtime    Last Run
----------------------------  -----  ---------  --------  ----------  --------------  -------------------
/opt/airflow/dags/etl_dag.py                           1           0  0.61s           2026-05-18T22:44:04
================================================================================
[2026-05-18T22:44:57.846+0000] {manager.py:879} INFO - 
================================================================================
DAG File Processing Stats

File Path                     PID    Runtime      # DAGs    # Errors  Last Runtime    Last Run
----------------------------  -----  ---------  --------  ----------  --------------  -------------------
/opt/airflow/dags/etl_dag.py                           1           0  0.61s           2026-05-18T22:44:34
================================================================================
[2026-05-18T22:45:28.238+0000] {manager.py:879} INFO - 
================================================================================
DAG File Processing Stats

File Path                     PID    Runtime      # DAGs    # Errors  Last Runtime    Last Run
----------------------------  -----  ---------  --------  ----------  --------------  -------------------
/opt/airflow/dags/etl_dag.py                           1           0  0.60s           2026-05-18T22:45:05
================================================================================
[2026-05-18T22:45:58.385+0000] {manager.py:879} INFO - 
================================================================================
DAG File Processing Stats

File Path                     PID    Runtime      # DAGs    # Errors  Last Runtime    Last Run
----------------------------  -----  ---------  --------  ----------  --------------  -------------------
/opt/airflow/dags/etl_dag.py                           1           0  0.60s           2026-05-18T22:45:36
================================================================================
[2026-05-18T22:46:28.741+0000] {manager.py:879} INFO - 
================================================================================
DAG File Processing Stats

File Path                     PID    Runtime      # DAGs    # Errors  Last Runtime    Last Run
----------------------------  -----  ---------  --------  ----------  --------------  -------------------
/opt/airflow/dags/etl_dag.py                           1           0  0.62s           2026-05-18T22:46:07
================================================================================
[2026-05-18T22:46:58.898+0000] {manager.py:879} INFO - 
================================================================================
DAG File Processing Stats

File Path                     PID    Runtime      # DAGs    # Errors  Last Runtime    Last Run
----------------------------  -----  ---------  --------  ----------  --------------  -------------------
/opt/airflow/dags/etl_dag.py                           1           0  0.60s           2026-05-18T22:46:38
================================================================================
[2026-05-18T22:47:28.907+0000] {manager.py:879} INFO - 
================================================================================
DAG File Processing Stats

File Path                     PID    Runtime      # DAGs    # Errors  Last Runtime    Last Run
----------------------------  -----  ---------  --------  ----------  --------------  -------------------
/opt/airflow/dags/etl_dag.py                           1           0  0.62s           2026-05-18T22:47:08
================================================================================
[2026-05-18T22:47:59.421+0000] {manager.py:879} INFO - 
================================================================================
DAG File Processing Stats

File Path                     PID    Runtime      # DAGs    # Errors  Last Runtime    Last Run
----------------------------  -----  ---------  --------  ----------  --------------  -------------------
/opt/airflow/dags/etl_dag.py                           1           0  0.59s           2026-05-18T22:47:39
================================================================================
[2026-05-18T22:48:29.548+0000] {manager.py:879} INFO - 
================================================================================
DAG File Processing Stats

File Path                     PID    Runtime      # DAGs    # Errors  Last Runtime    Last Run
----------------------------  -----  ---------  --------  ----------  --------------  -------------------
/opt/airflow/dags/etl_dag.py                           1           0  0.73s           2026-05-18T22:48:10
================================================================================
[2026-05-18T22:48:59.951+0000] {manager.py:879} INFO - 
================================================================================
DAG File Processing Stats

File Path                     PID    Runtime      # DAGs    # Errors  Last Runtime    Last Run
----------------------------  -----  ---------  --------  ----------  --------------  -------------------
/opt/airflow/dags/etl_dag.py                           1           0  0.60s           2026-05-18T22:48:41
================================================================================
[2026-05-18T22:49:12.383+0000] {manager.py:738} INFO - Searching for files in /opt/airflow/dags
[2026-05-18T22:49:12.401+0000] {manager.py:741} INFO - There are 1 files in /opt/airflow/dags
[2026-05-18T22:49:30.065+0000] {manager.py:879} INFO - 
================================================================================
DAG File Processing Stats

File Path                     PID    Runtime      # DAGs    # Errors  Last Runtime    Last Run
----------------------------  -----  ---------  --------  ----------  --------------  -------------------
/opt/airflow/dags/etl_dag.py                           1           0  0.60s           2026-05-18T22:49:11
================================================================================
[2026-05-18T22:50:00.656+0000] {manager.py:879} INFO - 
================================================================================
DAG File Processing Stats

File Path                     PID    Runtime      # DAGs    # Errors  Last Runtime    Last Run
----------------------------  -----  ---------  --------  ----------  --------------  -------------------
/opt/airflow/dags/etl_dag.py                           1           0  0.59s           2026-05-18T22:49:42
================================================================================
[2026-05-18T22:50:30.964+0000] {manager.py:879} INFO - 
================================================================================
DAG File Processing Stats

File Path                     PID    Runtime      # DAGs    # Errors  Last Runtime    Last Run
----------------------------  -----  ---------  --------  ----------  --------------  -------------------
/opt/airflow/dags/etl_dag.py                           1           0  0.60s           2026-05-18T22:50:13
================================================================================
[2026-05-18T22:51:01.117+0000] {manager.py:879} INFO - 
================================================================================
DAG File Processing Stats

File Path                     PID    Runtime      # DAGs    # Errors  Last Runtime    Last Run
----------------------------  -----  ---------  --------  ----------  --------------  -------------------
/opt/airflow/dags/etl_dag.py                           1           0  0.62s           2026-05-18T22:50:44
================================================================================
[2026-05-18T22:51:31.489+0000] {manager.py:879} INFO - 
================================================================================
DAG File Processing Stats

File Path                     PID    Runtime      # DAGs    # Errors  Last Runtime    Last Run
----------------------------  -----  ---------  --------  ----------  --------------  -------------------
/opt/airflow/dags/etl_dag.py                           1           0  0.59s           2026-05-18T22:51:14
================================================================================
[2026-05-18T22:52:01.642+0000] {manager.py:879} INFO - 
================================================================================
DAG File Processing Stats

File Path                     PID    Runtime      # DAGs    # Errors  Last Runtime    Last Run
----------------------------  -----  ---------  --------  ----------  --------------  -------------------
/opt/airflow/dags/etl_dag.py                           1           0  0.61s           2026-05-18T22:51:45
================================================================================
[2026-05-18T22:52:31.998+0000] {manager.py:879} INFO - 
================================================================================
DAG File Processing Stats

File Path                     PID    Runtime      # DAGs    # Errors  Last Runtime    Last Run
----------------------------  -----  ---------  --------  ----------  --------------  -------------------
/opt/airflow/dags/etl_dag.py                           1           0  0.61s           2026-05-18T22:52:16
================================================================================
[2026-05-18T22:53:02.142+0000] {manager.py:879} INFO - 
================================================================================
DAG File Processing Stats

File Path                     PID    Runtime      # DAGs    # Errors  Last Runtime    Last Run
----------------------------  -----  ---------  --------  ----------  --------------  -------------------
/opt/airflow/dags/etl_dag.py                           1           0  0.59s           2026-05-18T22:52:47
================================================================================
[2026-05-18T22:53:32.501+0000] {manager.py:879} INFO - 
================================================================================
DAG File Processing Stats

File Path                     PID    Runtime      # DAGs    # Errors  Last Runtime    Last Run
----------------------------  -----  ---------  --------  ----------  --------------  -------------------
/opt/airflow/dags/etl_dag.py                           1           0  0.60s           2026-05-18T22:53:18
================================================================================
[2026-05-18T22:54:02.649+0000] {manager.py:879} INFO - 
================================================================================
DAG File Processing Stats

File Path                     PID    Runtime      # DAGs    # Errors  Last Runtime    Last Run
----------------------------  -----  ---------  --------  ----------  --------------  -------------------
/opt/airflow/dags/etl_dag.py                           1           0  0.61s           2026-05-18T22:53:48
================================================================================
[2026-05-18T22:54:12.693+0000] {manager.py:738} INFO - Searching for files in /opt/airflow/dags
[2026-05-18T22:54:12.709+0000] {manager.py:741} INFO - There are 1 files in /opt/airflow/dags
[2026-05-18T22:54:33.022+0000] {manager.py:879} INFO - 
================================================================================
DAG File Processing Stats

File Path                     PID    Runtime      # DAGs    # Errors  Last Runtime    Last Run
----------------------------  -----  ---------  --------  ----------  --------------  -------------------
/opt/airflow/dags/etl_dag.py                           1           0  0.61s           2026-05-18T22:54:19
================================================================================
[2026-05-18T22:55:03.179+0000] {manager.py:879} INFO - 
================================================================================
DAG File Processing Stats

File Path                     PID    Runtime      # DAGs    # Errors  Last Runtime    Last Run
----------------------------  -----  ---------  --------  ----------  --------------  -------------------
/opt/airflow/dags/etl_dag.py                           1           0  0.59s           2026-05-18T22:54:50
================================================================================
[2026-05-18T22:55:33.532+0000] {manager.py:879} INFO - 
================================================================================
DAG File Processing Stats

File Path                     PID    Runtime      # DAGs    # Errors  Last Runtime    Last Run
----------------------------  -----  ---------  --------  ----------  --------------  -------------------
/opt/airflow/dags/etl_dag.py                           1           0  0.61s           2026-05-18T22:55:21
================================================================================
[2026-05-18T22:56:03.686+0000] {manager.py:879} INFO - 
================================================================================
DAG File Processing Stats

File Path                     PID    Runtime      # DAGs    # Errors  Last Runtime    Last Run
----------------------------  -----  ---------  --------  ----------  --------------  -------------------
/opt/airflow/dags/etl_dag.py                           1           0  0.61s           2026-05-18T22:55:51
================================================================================
[2026-05-18T22:56:34.068+0000] {manager.py:879} INFO - 
================================================================================
DAG File Processing Stats

File Path                     PID    Runtime      # DAGs    # Errors  Last Runtime    Last Run
----------------------------  -----  ---------  --------  ----------  --------------  -------------------
/opt/airflow/dags/etl_dag.py                           1           0  0.61s           2026-05-18T22:56:22
================================================================================
[2026-05-18T22:57:04.221+0000] {manager.py:879} INFO - 
================================================================================
DAG File Processing Stats

File Path                     PID    Runtime      # DAGs    # Errors  Last Runtime    Last Run
----------------------------  -----  ---------  --------  ----------  --------------  -------------------
/opt/airflow/dags/etl_dag.py                           1           0  0.61s           2026-05-18T22:56:53
================================================================================
[2026-05-18T22:57:34.572+0000] {manager.py:879} INFO - 
================================================================================
DAG File Processing Stats

File Path                     PID    Runtime      # DAGs    # Errors  Last Runtime    Last Run
----------------------------  -----  ---------  --------  ----------  --------------  -------------------
/opt/airflow/dags/etl_dag.py                           1           0  0.59s           2026-05-18T22:57:24
================================================================================
[2026-05-18T22:58:04.723+0000] {manager.py:879} INFO - 
================================================================================
DAG File Processing Stats

File Path                     PID    Runtime      # DAGs    # Errors  Last Runtime    Last Run
----------------------------  -----  ---------  --------  ----------  --------------  -------------------
/opt/airflow/dags/etl_dag.py                           1           0  0.58s           2026-05-18T22:57:54
================================================================================
[2026-05-18T22:58:34.795+0000] {manager.py:879} INFO - 
================================================================================
DAG File Processing Stats

File Path                     PID    Runtime      # DAGs    # Errors  Last Runtime    Last Run
----------------------------  -----  ---------  --------  ----------  --------------  -------------------
/opt/airflow/dags/etl_dag.py                           1           0  0.74s           2026-05-18T22:58:25
================================================================================
[2026-05-18T22:59:05.199+0000] {manager.py:879} INFO - 
================================================================================
DAG File Processing Stats

File Path                     PID    Runtime      # DAGs    # Errors  Last Runtime    Last Run
----------------------------  -----  ---------  --------  ----------  --------------  -------------------
/opt/airflow/dags/etl_dag.py                           1           0  0.63s           2026-05-18T22:58:56
================================================================================
[2026-05-18T22:59:13.234+0000] {manager.py:738} INFO - Searching for files in /opt/airflow/dags
[2026-05-18T22:59:13.251+0000] {manager.py:741} INFO - There are 1 files in /opt/airflow/dags
[2026-05-18T22:59:35.329+0000] {manager.py:879} INFO - 
================================================================================
DAG File Processing Stats

File Path                     PID    Runtime      # DAGs    # Errors  Last Runtime    Last Run
----------------------------  -----  ---------  --------  ----------  --------------  -------------------
/opt/airflow/dags/etl_dag.py                           1           0  0.59s           2026-05-18T22:59:27
================================================================================
[2026-05-18T23:00:05.894+0000] {manager.py:879} INFO - 
================================================================================
DAG File Processing Stats

File Path                     PID    Runtime      # DAGs    # Errors  Last Runtime    Last Run
----------------------------  -----  ---------  --------  ----------  --------------  -------------------
/opt/airflow/dags/etl_dag.py                           1           0  0.62s           2026-05-18T22:59:58
================================================================================
[2026-05-18T23:00:36.267+0000] {manager.py:879} INFO - 
================================================================================
DAG File Processing Stats

File Path                     PID    Runtime      # DAGs    # Errors  Last Runtime    Last Run
----------------------------  -----  ---------  --------  ----------  --------------  -------------------
/opt/airflow/dags/etl_dag.py                           1           0  0.62s           2026-05-18T23:00:28
================================================================================
[2026-05-18T23:01:06.412+0000] {manager.py:879} INFO - 
================================================================================
DAG File Processing Stats

File Path                     PID    Runtime      # DAGs    # Errors  Last Runtime    Last Run
----------------------------  -----  ---------  --------  ----------  --------------  -------------------
/opt/airflow/dags/etl_dag.py                           1           0  0.63s           2026-05-18T23:00:59
================================================================================
[2026-05-18T23:01:36.815+0000] {manager.py:879} INFO - 
================================================================================
DAG File Processing Stats

File Path                     PID    Runtime      # DAGs    # Errors  Last Runtime    Last Run
----------------------------  -----  ---------  --------  ----------  --------------  -------------------
/opt/airflow/dags/etl_dag.py                           1           0  0.59s           2026-05-18T23:01:30
================================================================================
[2026-05-18T23:02:06.119+0000] {manager.py:451} INFO - Exiting gracefully upon receiving signal 15
[2026-05-18T23:02:20.761+0000] {manager.py:469} INFO - Processing files using up to 2 processes at a time 
[2026-05-18T23:02:20.762+0000] {manager.py:470} INFO - Process each file at most once every 30 seconds
[2026-05-18T23:02:20.762+0000] {manager.py:471} INFO - Checking for new files in /opt/airflow/dags every 300 seconds
[2026-05-18T23:02:20.763+0000] {manager.py:738} INFO - Searching for files in /opt/airflow/dags
[2026-05-18T23:02:20.782+0000] {manager.py:741} INFO - There are 1 files in /opt/airflow/dags
[2026-05-18T23:02:20.881+0000] {manager.py:879} INFO - 
================================================================================
DAG File Processing Stats

File Path                       PID  Runtime      # DAGs    # Errors  Last Runtime    Last Run
----------------------------  -----  ---------  --------  ----------  --------------  ----------
/opt/airflow/dags/etl_dag.py    223  0.05s             0           0
================================================================================
[2026-05-18T23:02:51.018+0000] {manager.py:879} INFO - 
================================================================================
DAG File Processing Stats

File Path                     PID    Runtime      # DAGs    # Errors  Last Runtime    Last Run
----------------------------  -----  ---------  --------  ----------  --------------  -------------------
/opt/airflow/dags/etl_dag.py                           1           0  0.75s           2026-05-18T23:02:21
================================================================================
[2026-05-18T23:03:21.172+0000] {manager.py:879} INFO - 
================================================================================
DAG File Processing Stats

File Path                     PID    Runtime      # DAGs    # Errors  Last Runtime    Last Run
----------------------------  -----  ---------  --------  ----------  --------------  -------------------
/opt/airflow/dags/etl_dag.py                           1           0  0.69s           2026-05-18T23:02:52
================================================================================
[2026-05-18T23:03:51.276+0000] {manager.py:879} INFO - 
================================================================================
DAG File Processing Stats

File Path                     PID    Runtime      # DAGs    # Errors  Last Runtime    Last Run
----------------------------  -----  ---------  --------  ----------  --------------  -------------------
/opt/airflow/dags/etl_dag.py                           1           0  0.56s           2026-05-18T23:03:23
================================================================================
[2026-05-18T23:04:21.857+0000] {manager.py:879} INFO - 
================================================================================
DAG File Processing Stats

File Path                     PID    Runtime      # DAGs    # Errors  Last Runtime    Last Run
----------------------------  -----  ---------  --------  ----------  --------------  -------------------
/opt/airflow/dags/etl_dag.py                           1           0  0.62s           2026-05-18T23:03:53
================================================================================
[2026-05-18T23:04:52.179+0000] {manager.py:879} INFO - 
================================================================================
DAG File Processing Stats

File Path                     PID    Runtime      # DAGs    # Errors  Last Runtime    Last Run
----------------------------  -----  ---------  --------  ----------  --------------  -------------------
/opt/airflow/dags/etl_dag.py                           1           0  0.63s           2026-05-18T23:04:24
================================================================================
[2026-05-18T23:05:22.329+0000] {manager.py:879} INFO - 
================================================================================
DAG File Processing Stats

File Path                     PID    Runtime      # DAGs    # Errors  Last Runtime    Last Run
----------------------------  -----  ---------  --------  ----------  --------------  -------------------
/opt/airflow/dags/etl_dag.py                           1           0  0.61s           2026-05-18T23:04:55
================================================================================
[2026-05-18T23:05:52.716+0000] {manager.py:879} INFO - 
================================================================================
DAG File Processing Stats

File Path                     PID    Runtime      # DAGs    # Errors  Last Runtime    Last Run
----------------------------  -----  ---------  --------  ----------  --------------  -------------------
/opt/airflow/dags/etl_dag.py                           1           0  0.61s           2026-05-18T23:05:26
================================================================================
[2026-05-18T23:06:22.865+0000] {manager.py:879} INFO - 
================================================================================
DAG File Processing Stats

File Path                     PID    Runtime      # DAGs    # Errors  Last Runtime    Last Run
----------------------------  -----  ---------  --------  ----------  --------------  -------------------
/opt/airflow/dags/etl_dag.py                           1           0  0.60s           2026-05-18T23:05:56
================================================================================
[2026-05-18T23:06:53.226+0000] {manager.py:879} INFO - 
================================================================================
DAG File Processing Stats

File Path                     PID    Runtime      # DAGs    # Errors  Last Runtime    Last Run
----------------------------  -----  ---------  --------  ----------  --------------  -------------------
/opt/airflow/dags/etl_dag.py                           1           0  0.61s           2026-05-18T23:06:27
================================================================================
[2026-05-18T23:07:21.367+0000] {manager.py:738} INFO - Searching for files in /opt/airflow/dags
[2026-05-18T23:07:21.383+0000] {manager.py:741} INFO - There are 1 files in /opt/airflow/dags
[2026-05-18T23:07:23.404+0000] {manager.py:879} INFO - 
================================================================================
DAG File Processing Stats

File Path                     PID    Runtime      # DAGs    # Errors  Last Runtime    Last Run
----------------------------  -----  ---------  --------  ----------  --------------  -------------------
/opt/airflow/dags/etl_dag.py                           1           0  0.62s           2026-05-18T23:06:58
================================================================================
[2026-05-18T23:07:53.730+0000] {manager.py:879} INFO - 
================================================================================
DAG File Processing Stats

File Path                     PID    Runtime      # DAGs    # Errors  Last Runtime    Last Run
----------------------------  -----  ---------  --------  ----------  --------------  -------------------
/opt/airflow/dags/etl_dag.py                           1           0  0.60s           2026-05-18T23:07:29
================================================================================
[2026-05-18T23:08:23.892+0000] {manager.py:879} INFO - 
================================================================================
DAG File Processing Stats

File Path                     PID    Runtime      # DAGs    # Errors  Last Runtime    Last Run
----------------------------  -----  ---------  --------  ----------  --------------  -------------------
/opt/airflow/dags/etl_dag.py                           1           0  0.63s           2026-05-18T23:08:00
================================================================================
[2026-05-18T23:08:53.906+0000] {manager.py:879} INFO - 
================================================================================
DAG File Processing Stats

File Path                     PID    Runtime      # DAGs    # Errors  Last Runtime    Last Run
----------------------------  -----  ---------  --------  ----------  --------------  -------------------
/opt/airflow/dags/etl_dag.py                           1           0  0.66s           2026-05-18T23:08:30
================================================================================
[2026-05-18T23:09:24.392+0000] {manager.py:879} INFO - 
================================================================================
DAG File Processing Stats

File Path                     PID    Runtime      # DAGs    # Errors  Last Runtime    Last Run
----------------------------  -----  ---------  --------  ----------  --------------  -------------------
/opt/airflow/dags/etl_dag.py                           1           0  0.65s           2026-05-18T23:09:01
================================================================================
[2026-05-18T23:09:54.531+0000] {manager.py:879} INFO - 
================================================================================
DAG File Processing Stats

File Path                     PID    Runtime      # DAGs    # Errors  Last Runtime    Last Run
----------------------------  -----  ---------  --------  ----------  --------------  -------------------
/opt/airflow/dags/etl_dag.py                           1           0  0.69s           2026-05-18T23:09:32
================================================================================
[2026-05-18T23:10:25.015+0000] {manager.py:879} INFO - 
================================================================================
DAG File Processing Stats

File Path                     PID    Runtime      # DAGs    # Errors  Last Runtime    Last Run
----------------------------  -----  ---------  --------  ----------  --------------  -------------------
/opt/airflow/dags/etl_dag.py                           1           0  0.64s           2026-05-18T23:10:03
================================================================================
[2026-05-18T23:10:55.162+0000] {manager.py:879} INFO - 
================================================================================
DAG File Processing Stats

File Path                     PID    Runtime      # DAGs    # Errors  Last Runtime    Last Run
----------------------------  -----  ---------  --------  ----------  --------------  -------------------
/opt/airflow/dags/etl_dag.py                           1           0  0.67s           2026-05-18T23:10:34
================================================================================
[2026-05-18T23:11:25.637+0000] {manager.py:879} INFO - 
================================================================================
DAG File Processing Stats

File Path                     PID    Runtime      # DAGs    # Errors  Last Runtime    Last Run
----------------------------  -----  ---------  --------  ----------  --------------  -------------------
/opt/airflow/dags/etl_dag.py                           1           0  0.68s           2026-05-18T23:11:04
================================================================================
[2026-05-18T23:11:55.794+0000] {manager.py:879} INFO - 
================================================================================
DAG File Processing Stats

File Path                     PID    Runtime      # DAGs    # Errors  Last Runtime    Last Run
----------------------------  -----  ---------  --------  ----------  --------------  -------------------
/opt/airflow/dags/etl_dag.py                           1           0  0.81s           2026-05-18T23:11:35
================================================================================
[2026-05-18T23:12:21.927+0000] {manager.py:738} INFO - Searching for files in /opt/airflow/dags
[2026-05-18T23:12:21.943+0000] {manager.py:741} INFO - There are 1 files in /opt/airflow/dags
[2026-05-18T23:12:25.972+0000] {manager.py:879} INFO - 
================================================================================
DAG File Processing Stats

File Path                     PID    Runtime      # DAGs    # Errors  Last Runtime    Last Run
----------------------------  -----  ---------  --------  ----------  --------------  -------------------
/opt/airflow/dags/etl_dag.py                           1           0  0.89s           2026-05-18T23:12:06
================================================================================
[2026-05-18T23:12:56.731+0000] {manager.py:879} INFO - 
================================================================================
DAG File Processing Stats

File Path                     PID    Runtime      # DAGs    # Errors  Last Runtime    Last Run
----------------------------  -----  ---------  --------  ----------  --------------  -------------------
/opt/airflow/dags/etl_dag.py                           1           0  0.67s           2026-05-18T23:12:43
================================================================================
[2026-05-18T23:13:26.974+0000] {manager.py:879} INFO - 
================================================================================
DAG File Processing Stats

File Path                     PID    Runtime      # DAGs    # Errors  Last Runtime    Last Run
----------------------------  -----  ---------  --------  ----------  --------------  -------------------
/opt/airflow/dags/etl_dag.py                           1           0  0.59s           2026-05-18T23:13:14
================================================================================
[2026-05-18T23:13:57.124+0000] {manager.py:879} INFO - 
================================================================================
DAG File Processing Stats

File Path                     PID    Runtime      # DAGs    # Errors  Last Runtime    Last Run
----------------------------  -----  ---------  --------  ----------  --------------  -------------------
/opt/airflow/dags/etl_dag.py                           1           0  0.73s           2026-05-18T23:13:45
================================================================================
[2026-05-18T23:14:27.230+0000] {manager.py:879} INFO - 
================================================================================
DAG File Processing Stats

File Path                     PID    Runtime      # DAGs    # Errors  Last Runtime    Last Run
----------------------------  -----  ---------  --------  ----------  --------------  -------------------
/opt/airflow/dags/etl_dag.py                           1           0  0.72s           2026-05-18T23:14:16
================================================================================
[2026-05-18T23:14:57.353+0000] {manager.py:879} INFO - 
================================================================================
DAG File Processing Stats

File Path                     PID    Runtime      # DAGs    # Errors  Last Runtime    Last Run
----------------------------  -----  ---------  --------  ----------  --------------  -------------------
/opt/airflow/dags/etl_dag.py                           1           0  0.95s           2026-05-18T23:14:47
================================================================================
[2026-05-18T23:15:27.788+0000] {manager.py:879} INFO - 
================================================================================
DAG File Processing Stats

File Path                     PID    Runtime      # DAGs    # Errors  Last Runtime    Last Run
----------------------------  -----  ---------  --------  ----------  --------------  -------------------
/opt/airflow/dags/etl_dag.py                           1           0  0.62s           2026-05-18T23:15:18
================================================================================
[2026-05-18T23:15:57.922+0000] {manager.py:879} INFO - 
================================================================================
DAG File Processing Stats

File Path                     PID    Runtime      # DAGs    # Errors  Last Runtime    Last Run
----------------------------  -----  ---------  --------  ----------  --------------  -------------------
/opt/airflow/dags/etl_dag.py                           1           0  0.64s           2026-05-18T23:15:48
================================================================================
[2026-05-18T23:16:32.312+0000] {manager.py:451} INFO - Exiting gracefully upon receiving signal 15
[2026-05-18T23:16:45.541+0000] {manager.py:469} INFO - Processing files using up to 2 processes at a time 
[2026-05-18T23:16:45.542+0000] {manager.py:470} INFO - Process each file at most once every 30 seconds
[2026-05-18T23:16:45.543+0000] {manager.py:471} INFO - Checking for new files in /opt/airflow/dags every 300 seconds
[2026-05-18T23:16:45.543+0000] {manager.py:738} INFO - Searching for files in /opt/airflow/dags
[2026-05-18T23:16:45.562+0000] {manager.py:741} INFO - There are 1 files in /opt/airflow/dags
[2026-05-18T23:16:45.660+0000] {manager.py:879} INFO - 
================================================================================
DAG File Processing Stats

File Path                       PID  Runtime      # DAGs    # Errors  Last Runtime    Last Run
----------------------------  -----  ---------  --------  ----------  --------------  ----------
/opt/airflow/dags/etl_dag.py    223  0.04s             0           0
================================================================================
[2026-05-18T23:17:15.801+0000] {manager.py:879} INFO - 
================================================================================
DAG File Processing Stats

File Path                     PID    Runtime      # DAGs    # Errors  Last Runtime    Last Run
----------------------------  -----  ---------  --------  ----------  --------------  -------------------
/opt/airflow/dags/etl_dag.py                           1           0  0.76s           2026-05-18T23:16:46
================================================================================
[2026-05-18T23:19:01.391+0000] {manager.py:469} INFO - Processing files using up to 2 processes at a time 
[2026-05-18T23:19:01.392+0000] {manager.py:470} INFO - Process each file at most once every 30 seconds
[2026-05-18T23:19:01.393+0000] {manager.py:471} INFO - Checking for new files in /opt/airflow/dags every 300 seconds
[2026-05-18T23:19:01.393+0000] {manager.py:738} INFO - Searching for files in /opt/airflow/dags
[2026-05-18T23:19:01.410+0000] {manager.py:741} INFO - There are 1 files in /opt/airflow/dags
[2026-05-18T23:19:01.505+0000] {manager.py:879} INFO - 
================================================================================
DAG File Processing Stats

File Path                       PID  Runtime      # DAGs    # Errors  Last Runtime    Last Run
----------------------------  -----  ---------  --------  ----------  --------------  ----------
/opt/airflow/dags/etl_dag.py    234  0.04s             0           0
================================================================================
[2026-05-18T23:19:31.629+0000] {manager.py:879} INFO - 
================================================================================
DAG File Processing Stats

File Path                     PID    Runtime      # DAGs    # Errors  Last Runtime    Last Run
----------------------------  -----  ---------  --------  ----------  --------------  -------------------
/opt/airflow/dags/etl_dag.py                           1           0  1.82s           2026-05-18T23:19:03
================================================================================
[2026-05-18T23:20:01.776+0000] {manager.py:879} INFO - 
================================================================================
DAG File Processing Stats

File Path                     PID    Runtime      # DAGs    # Errors  Last Runtime    Last Run
----------------------------  -----  ---------  --------  ----------  --------------  -------------------
/opt/airflow/dags/etl_dag.py                           1           0  0.69s           2026-05-18T23:19:34
================================================================================
[2026-05-18T23:20:31.936+0000] {manager.py:879} INFO - 
================================================================================
DAG File Processing Stats

File Path                     PID    Runtime      # DAGs    # Errors  Last Runtime    Last Run
----------------------------  -----  ---------  --------  ----------  --------------  -------------------
/opt/airflow/dags/etl_dag.py                           1           0  0.59s           2026-05-18T23:20:04
================================================================================
