[2026-05-18T23:19:53.665+0000] {taskinstance.py:1956} INFO - Dependencies all met for dep_context=non-requeueable deps ti=<TaskInstance: etl_end_to_end_pipeline.transform_timesheets manual__2026-05-18T23:19:47.539161+00:00 [queued]>
[2026-05-18T23:19:53.674+0000] {taskinstance.py:1956} INFO - Dependencies all met for dep_context=requeueable deps ti=<TaskInstance: etl_end_to_end_pipeline.transform_timesheets manual__2026-05-18T23:19:47.539161+00:00 [queued]>
[2026-05-18T23:19:53.675+0000] {taskinstance.py:2170} INFO - Starting attempt 1 of 2
[2026-05-18T23:19:53.690+0000] {taskinstance.py:2191} INFO - Executing <Task(PythonOperator): transform_timesheets> on 2026-05-18 23:19:47.539161+00:00
[2026-05-18T23:19:53.699+0000] {standard_task_runner.py:60} INFO - Started process 324 to run task
[2026-05-18T23:19:53.703+0000] {standard_task_runner.py:87} INFO - Running: ['airflow', 'tasks', 'run', 'etl_end_to_end_pipeline', 'transform_timesheets', 'manual__2026-05-18T23:19:47.539161+00:00', '--job-id', '9', '--raw', '--subdir', 'DAGS_FOLDER/etl_dag.py', '--cfg-path', '/tmp/tmp4xst7b_q']
[2026-05-18T23:19:53.706+0000] {standard_task_runner.py:88} INFO - Job 9: Subtask transform_timesheets
[2026-05-18T23:19:53.773+0000] {task_command.py:423} INFO - Running <TaskInstance: etl_end_to_end_pipeline.transform_timesheets manual__2026-05-18T23:19:47.539161+00:00 [running]> on host c096087c5df6
[2026-05-18T23:19:53.852+0000] {taskinstance.py:2480} INFO - Exporting env vars: AIRFLOW_CTX_DAG_OWNER='airflow' AIRFLOW_CTX_DAG_ID='etl_end_to_end_pipeline' AIRFLOW_CTX_TASK_ID='transform_timesheets' AIRFLOW_CTX_EXECUTION_DATE='2026-05-18T23:19:47.539161+00:00' AIRFLOW_CTX_TRY_NUMBER='1' AIRFLOW_CTX_DAG_RUN_ID='manual__2026-05-18T23:19:47.539161+00:00'
[2026-05-18T23:19:53.854+0000] {etl_dag.py:63} INFO - Starting transformation of timesheet data
[2026-05-18T23:19:54.187+0000] {transform.py:49} INFO - Starting timesheet transformation rules...
[2026-05-18T23:19:54.768+0000] {logging_mixin.py:188} WARNING - /opt/airflow/dags/../src/transform.py:57 SettingWithCopyWarning: 
A value is trying to be set on a copy of a slice from a DataFrame.
Try using .loc[row_indexer,col_indexer] = value instead

See the caveats in the documentation: https://pandas.pydata.org/pandas-docs/stable/user_guide/indexing.html#returning-a-view-versus-a-copy
[2026-05-18T23:19:54.828+0000] {logging_mixin.py:188} WARNING - /opt/airflow/dags/../src/transform.py:57 SettingWithCopyWarning: 
A value is trying to be set on a copy of a slice from a DataFrame.
Try using .loc[row_indexer,col_indexer] = value instead

See the caveats in the documentation: https://pandas.pydata.org/pandas-docs/stable/user_guide/indexing.html#returning-a-view-versus-a-copy
[2026-05-18T23:19:54.877+0000] {logging_mixin.py:188} WARNING - /opt/airflow/dags/../src/transform.py:57 SettingWithCopyWarning: 
A value is trying to be set on a copy of a slice from a DataFrame.
Try using .loc[row_indexer,col_indexer] = value instead

See the caveats in the documentation: https://pandas.pydata.org/pandas-docs/stable/user_guide/indexing.html#returning-a-view-versus-a-copy
[2026-05-18T23:19:54.935+0000] {logging_mixin.py:188} WARNING - /opt/airflow/dags/../src/transform.py:57 SettingWithCopyWarning: 
A value is trying to be set on a copy of a slice from a DataFrame.
Try using .loc[row_indexer,col_indexer] = value instead

See the caveats in the documentation: https://pandas.pydata.org/pandas-docs/stable/user_guide/indexing.html#returning-a-view-versus-a-copy
[2026-05-18T23:19:54.996+0000] {logging_mixin.py:188} WARNING - /opt/airflow/dags/../src/transform.py:57 SettingWithCopyWarning: 
A value is trying to be set on a copy of a slice from a DataFrame.
Try using .loc[row_indexer,col_indexer] = value instead

See the caveats in the documentation: https://pandas.pydata.org/pandas-docs/stable/user_guide/indexing.html#returning-a-view-versus-a-copy
[2026-05-18T23:19:55.045+0000] {logging_mixin.py:188} WARNING - /opt/airflow/dags/../src/transform.py:57 SettingWithCopyWarning: 
A value is trying to be set on a copy of a slice from a DataFrame.
Try using .loc[row_indexer,col_indexer] = value instead

See the caveats in the documentation: https://pandas.pydata.org/pandas-docs/stable/user_guide/indexing.html#returning-a-view-versus-a-copy
[2026-05-18T23:19:55.098+0000] {logging_mixin.py:188} WARNING - /opt/airflow/dags/../src/transform.py:57 SettingWithCopyWarning: 
A value is trying to be set on a copy of a slice from a DataFrame.
Try using .loc[row_indexer,col_indexer] = value instead

See the caveats in the documentation: https://pandas.pydata.org/pandas-docs/stable/user_guide/indexing.html#returning-a-view-versus-a-copy
[2026-05-18T23:19:55.152+0000] {logging_mixin.py:188} WARNING - /opt/airflow/dags/../src/transform.py:57 SettingWithCopyWarning: 
A value is trying to be set on a copy of a slice from a DataFrame.
Try using .loc[row_indexer,col_indexer] = value instead

See the caveats in the documentation: https://pandas.pydata.org/pandas-docs/stable/user_guide/indexing.html#returning-a-view-versus-a-copy
[2026-05-18T23:19:55.205+0000] {logging_mixin.py:188} WARNING - /opt/airflow/dags/../src/transform.py:57 SettingWithCopyWarning: 
A value is trying to be set on a copy of a slice from a DataFrame.
Try using .loc[row_indexer,col_indexer] = value instead

See the caveats in the documentation: https://pandas.pydata.org/pandas-docs/stable/user_guide/indexing.html#returning-a-view-versus-a-copy
[2026-05-18T23:19:55.272+0000] {logging_mixin.py:188} WARNING - /opt/airflow/dags/../src/transform.py:57 SettingWithCopyWarning: 
A value is trying to be set on a copy of a slice from a DataFrame.
Try using .loc[row_indexer,col_indexer] = value instead

See the caveats in the documentation: https://pandas.pydata.org/pandas-docs/stable/user_guide/indexing.html#returning-a-view-versus-a-copy
[2026-05-18T23:19:55.334+0000] {logging_mixin.py:188} WARNING - /opt/airflow/dags/../src/transform.py:57 SettingWithCopyWarning: 
A value is trying to be set on a copy of a slice from a DataFrame.
Try using .loc[row_indexer,col_indexer] = value instead

See the caveats in the documentation: https://pandas.pydata.org/pandas-docs/stable/user_guide/indexing.html#returning-a-view-versus-a-copy
[2026-05-18T23:19:55.389+0000] {logging_mixin.py:188} WARNING - /opt/airflow/dags/../src/transform.py:57 SettingWithCopyWarning: 
A value is trying to be set on a copy of a slice from a DataFrame.
Try using .loc[row_indexer,col_indexer] = value instead

See the caveats in the documentation: https://pandas.pydata.org/pandas-docs/stable/user_guide/indexing.html#returning-a-view-versus-a-copy
[2026-05-18T23:19:55.451+0000] {logging_mixin.py:188} WARNING - /opt/airflow/dags/../src/transform.py:57 SettingWithCopyWarning: 
A value is trying to be set on a copy of a slice from a DataFrame.
Try using .loc[row_indexer,col_indexer] = value instead

See the caveats in the documentation: https://pandas.pydata.org/pandas-docs/stable/user_guide/indexing.html#returning-a-view-versus-a-copy
[2026-05-18T23:19:55.462+0000] {logging_mixin.py:188} WARNING - /opt/airflow/dags/../src/transform.py:61 SettingWithCopyWarning: 
A value is trying to be set on a copy of a slice from a DataFrame.
Try using .loc[row_indexer,col_indexer] = value instead

See the caveats in the documentation: https://pandas.pydata.org/pandas-docs/stable/user_guide/indexing.html#returning-a-view-versus-a-copy
[2026-05-18T23:19:55.489+0000] {logging_mixin.py:188} WARNING - /opt/airflow/dags/../src/transform.py:63 SettingWithCopyWarning: 
A value is trying to be set on a copy of a slice from a DataFrame.
Try using .loc[row_indexer,col_indexer] = value instead

See the caveats in the documentation: https://pandas.pydata.org/pandas-docs/stable/user_guide/indexing.html#returning-a-view-versus-a-copy
[2026-05-18T23:19:55.524+0000] {logging_mixin.py:188} WARNING - /opt/airflow/dags/../src/transform.py:65 SettingWithCopyWarning: 
A value is trying to be set on a copy of a slice from a DataFrame.
Try using .loc[row_indexer,col_indexer] = value instead

See the caveats in the documentation: https://pandas.pydata.org/pandas-docs/stable/user_guide/indexing.html#returning-a-view-versus-a-copy
[2026-05-18T23:19:55.549+0000] {logging_mixin.py:188} WARNING - /opt/airflow/dags/../src/transform.py:71 SettingWithCopyWarning: 
A value is trying to be set on a copy of a slice from a DataFrame.
Try using .loc[row_indexer,col_indexer] = value instead

See the caveats in the documentation: https://pandas.pydata.org/pandas-docs/stable/user_guide/indexing.html#returning-a-view-versus-a-copy
[2026-05-18T23:19:55.611+0000] {logging_mixin.py:188} WARNING - /opt/airflow/dags/../src/transform.py:71 SettingWithCopyWarning: 
A value is trying to be set on a copy of a slice from a DataFrame.
Try using .loc[row_indexer,col_indexer] = value instead

See the caveats in the documentation: https://pandas.pydata.org/pandas-docs/stable/user_guide/indexing.html#returning-a-view-versus-a-copy
[2026-05-18T23:19:55.674+0000] {logging_mixin.py:188} WARNING - /opt/airflow/dags/../src/transform.py:71 SettingWithCopyWarning: 
A value is trying to be set on a copy of a slice from a DataFrame.
Try using .loc[row_indexer,col_indexer] = value instead

See the caveats in the documentation: https://pandas.pydata.org/pandas-docs/stable/user_guide/indexing.html#returning-a-view-versus-a-copy
[2026-05-18T23:19:55.677+0000] {logging_mixin.py:188} WARNING - /opt/airflow/dags/../src/transform.py:76 SettingWithCopyWarning: 
A value is trying to be set on a copy of a slice from a DataFrame.
Try using .loc[row_indexer,col_indexer] = value instead

See the caveats in the documentation: https://pandas.pydata.org/pandas-docs/stable/user_guide/indexing.html#returning-a-view-versus-a-copy
[2026-05-18T23:19:55.774+0000] {logging_mixin.py:188} WARNING - /opt/airflow/dags/../src/transform.py:78 SettingWithCopyWarning: 
A value is trying to be set on a copy of a slice from a DataFrame.
Try using .loc[row_indexer,col_indexer] = value instead

See the caveats in the documentation: https://pandas.pydata.org/pandas-docs/stable/user_guide/indexing.html#returning-a-view-versus-a-copy
[2026-05-18T23:19:55.775+0000] {transform.py:80} INFO - Timesheets transformation completed successfully.
[2026-05-18T23:19:56.199+0000] {etl_dag.py:70} INFO - Successfully transformed timesheet data saved to data/processed/transformed_timesheets.parquet
[2026-05-18T23:19:56.229+0000] {python.py:201} INFO - Done. Returned value was: None
[2026-05-18T23:19:56.240+0000] {taskinstance.py:1138} INFO - Marking task as SUCCESS. dag_id=etl_end_to_end_pipeline, task_id=transform_timesheets, execution_date=20260518T231947, start_date=20260518T231953, end_date=20260518T231956
[2026-05-18T23:19:56.328+0000] {local_task_job_runner.py:234} INFO - Task exited with return code 0
[2026-05-18T23:19:56.354+0000] {taskinstance.py:3280} INFO - 1 downstream tasks scheduled from follow-on schedule check
