[2026-05-18T23:14:51.205+0000] {taskinstance.py:1956} INFO - Dependencies all met for dep_context=non-requeueable deps ti=<TaskInstance: etl_end_to_end_pipeline.transform_timesheets manual__2026-05-18T23:14:45.802875+00:00 [queued]>
[2026-05-18T23:14:51.226+0000] {taskinstance.py:1956} INFO - Dependencies all met for dep_context=requeueable deps ti=<TaskInstance: etl_end_to_end_pipeline.transform_timesheets manual__2026-05-18T23:14:45.802875+00:00 [queued]>
[2026-05-18T23:14:51.227+0000] {taskinstance.py:2170} INFO - Starting attempt 1 of 2
[2026-05-18T23:14:51.237+0000] {taskinstance.py:2191} INFO - Executing <Task(PythonOperator): transform_timesheets> on 2026-05-18 23:14:45.802875+00:00
[2026-05-18T23:14:51.245+0000] {standard_task_runner.py:60} INFO - Started process 1327 to run task
[2026-05-18T23:14:51.249+0000] {standard_task_runner.py:87} INFO - Running: ['airflow', 'tasks', 'run', 'etl_end_to_end_pipeline', 'transform_timesheets', 'manual__2026-05-18T23:14:45.802875+00:00', '--job-id', '62', '--raw', '--subdir', 'DAGS_FOLDER/etl_dag.py', '--cfg-path', '/tmp/tmpcb1_ix5q']
[2026-05-18T23:14:51.251+0000] {standard_task_runner.py:88} INFO - Job 62: Subtask transform_timesheets
[2026-05-18T23:14:51.310+0000] {task_command.py:423} INFO - Running <TaskInstance: etl_end_to_end_pipeline.transform_timesheets manual__2026-05-18T23:14:45.802875+00:00 [running]> on host 7e6c5cf7b6ad
[2026-05-18T23:14:51.386+0000] {taskinstance.py:2480} INFO - Exporting env vars: AIRFLOW_CTX_DAG_OWNER='airflow' AIRFLOW_CTX_DAG_ID='etl_end_to_end_pipeline' AIRFLOW_CTX_TASK_ID='transform_timesheets' AIRFLOW_CTX_EXECUTION_DATE='2026-05-18T23:14:45.802875+00:00' AIRFLOW_CTX_TRY_NUMBER='1' AIRFLOW_CTX_DAG_RUN_ID='manual__2026-05-18T23:14:45.802875+00:00'
[2026-05-18T23:14:51.388+0000] {etl_dag.py:63} INFO - Starting transformation of timesheet data
[2026-05-18T23:14:51.631+0000] {transform.py:49} INFO - Starting timesheet transformation rules...
[2026-05-18T23:14:52.141+0000] {logging_mixin.py:188} WARNING - /opt/airflow/dags/../src/transform.py:57 SettingWithCopyWarning: 
A value is trying to be set on a copy of a slice from a DataFrame.
Try using .loc[row_indexer,col_indexer] = value instead

See the caveats in the documentation: https://pandas.pydata.org/pandas-docs/stable/user_guide/indexing.html#returning-a-view-versus-a-copy
[2026-05-18T23:14:52.192+0000] {logging_mixin.py:188} WARNING - /opt/airflow/dags/../src/transform.py:57 SettingWithCopyWarning: 
A value is trying to be set on a copy of a slice from a DataFrame.
Try using .loc[row_indexer,col_indexer] = value instead

See the caveats in the documentation: https://pandas.pydata.org/pandas-docs/stable/user_guide/indexing.html#returning-a-view-versus-a-copy
[2026-05-18T23:14:52.241+0000] {logging_mixin.py:188} WARNING - /opt/airflow/dags/../src/transform.py:57 SettingWithCopyWarning: 
A value is trying to be set on a copy of a slice from a DataFrame.
Try using .loc[row_indexer,col_indexer] = value instead

See the caveats in the documentation: https://pandas.pydata.org/pandas-docs/stable/user_guide/indexing.html#returning-a-view-versus-a-copy
[2026-05-18T23:14:52.291+0000] {logging_mixin.py:188} WARNING - /opt/airflow/dags/../src/transform.py:57 SettingWithCopyWarning: 
A value is trying to be set on a copy of a slice from a DataFrame.
Try using .loc[row_indexer,col_indexer] = value instead

See the caveats in the documentation: https://pandas.pydata.org/pandas-docs/stable/user_guide/indexing.html#returning-a-view-versus-a-copy
[2026-05-18T23:14:52.342+0000] {logging_mixin.py:188} WARNING - /opt/airflow/dags/../src/transform.py:57 SettingWithCopyWarning: 
A value is trying to be set on a copy of a slice from a DataFrame.
Try using .loc[row_indexer,col_indexer] = value instead

See the caveats in the documentation: https://pandas.pydata.org/pandas-docs/stable/user_guide/indexing.html#returning-a-view-versus-a-copy
[2026-05-18T23:14:52.394+0000] {logging_mixin.py:188} WARNING - /opt/airflow/dags/../src/transform.py:57 SettingWithCopyWarning: 
A value is trying to be set on a copy of a slice from a DataFrame.
Try using .loc[row_indexer,col_indexer] = value instead

See the caveats in the documentation: https://pandas.pydata.org/pandas-docs/stable/user_guide/indexing.html#returning-a-view-versus-a-copy
[2026-05-18T23:14:52.444+0000] {logging_mixin.py:188} WARNING - /opt/airflow/dags/../src/transform.py:57 SettingWithCopyWarning: 
A value is trying to be set on a copy of a slice from a DataFrame.
Try using .loc[row_indexer,col_indexer] = value instead

See the caveats in the documentation: https://pandas.pydata.org/pandas-docs/stable/user_guide/indexing.html#returning-a-view-versus-a-copy
[2026-05-18T23:14:52.498+0000] {logging_mixin.py:188} WARNING - /opt/airflow/dags/../src/transform.py:57 SettingWithCopyWarning: 
A value is trying to be set on a copy of a slice from a DataFrame.
Try using .loc[row_indexer,col_indexer] = value instead

See the caveats in the documentation: https://pandas.pydata.org/pandas-docs/stable/user_guide/indexing.html#returning-a-view-versus-a-copy
[2026-05-18T23:14:52.547+0000] {logging_mixin.py:188} WARNING - /opt/airflow/dags/../src/transform.py:57 SettingWithCopyWarning: 
A value is trying to be set on a copy of a slice from a DataFrame.
Try using .loc[row_indexer,col_indexer] = value instead

See the caveats in the documentation: https://pandas.pydata.org/pandas-docs/stable/user_guide/indexing.html#returning-a-view-versus-a-copy
[2026-05-18T23:14:52.602+0000] {logging_mixin.py:188} WARNING - /opt/airflow/dags/../src/transform.py:57 SettingWithCopyWarning: 
A value is trying to be set on a copy of a slice from a DataFrame.
Try using .loc[row_indexer,col_indexer] = value instead

See the caveats in the documentation: https://pandas.pydata.org/pandas-docs/stable/user_guide/indexing.html#returning-a-view-versus-a-copy
[2026-05-18T23:14:52.680+0000] {logging_mixin.py:188} WARNING - /opt/airflow/dags/../src/transform.py:57 SettingWithCopyWarning: 
A value is trying to be set on a copy of a slice from a DataFrame.
Try using .loc[row_indexer,col_indexer] = value instead

See the caveats in the documentation: https://pandas.pydata.org/pandas-docs/stable/user_guide/indexing.html#returning-a-view-versus-a-copy
[2026-05-18T23:14:52.736+0000] {logging_mixin.py:188} WARNING - /opt/airflow/dags/../src/transform.py:57 SettingWithCopyWarning: 
A value is trying to be set on a copy of a slice from a DataFrame.
Try using .loc[row_indexer,col_indexer] = value instead

See the caveats in the documentation: https://pandas.pydata.org/pandas-docs/stable/user_guide/indexing.html#returning-a-view-versus-a-copy
[2026-05-18T23:14:52.800+0000] {logging_mixin.py:188} WARNING - /opt/airflow/dags/../src/transform.py:57 SettingWithCopyWarning: 
A value is trying to be set on a copy of a slice from a DataFrame.
Try using .loc[row_indexer,col_indexer] = value instead

See the caveats in the documentation: https://pandas.pydata.org/pandas-docs/stable/user_guide/indexing.html#returning-a-view-versus-a-copy
[2026-05-18T23:14:52.811+0000] {logging_mixin.py:188} WARNING - /opt/airflow/dags/../src/transform.py:61 SettingWithCopyWarning: 
A value is trying to be set on a copy of a slice from a DataFrame.
Try using .loc[row_indexer,col_indexer] = value instead

See the caveats in the documentation: https://pandas.pydata.org/pandas-docs/stable/user_guide/indexing.html#returning-a-view-versus-a-copy
[2026-05-18T23:14:52.837+0000] {logging_mixin.py:188} WARNING - /opt/airflow/dags/../src/transform.py:63 SettingWithCopyWarning: 
A value is trying to be set on a copy of a slice from a DataFrame.
Try using .loc[row_indexer,col_indexer] = value instead

See the caveats in the documentation: https://pandas.pydata.org/pandas-docs/stable/user_guide/indexing.html#returning-a-view-versus-a-copy
[2026-05-18T23:14:52.863+0000] {logging_mixin.py:188} WARNING - /opt/airflow/dags/../src/transform.py:65 SettingWithCopyWarning: 
A value is trying to be set on a copy of a slice from a DataFrame.
Try using .loc[row_indexer,col_indexer] = value instead

See the caveats in the documentation: https://pandas.pydata.org/pandas-docs/stable/user_guide/indexing.html#returning-a-view-versus-a-copy
[2026-05-18T23:14:52.886+0000] {logging_mixin.py:188} WARNING - /opt/airflow/dags/../src/transform.py:71 SettingWithCopyWarning: 
A value is trying to be set on a copy of a slice from a DataFrame.
Try using .loc[row_indexer,col_indexer] = value instead

See the caveats in the documentation: https://pandas.pydata.org/pandas-docs/stable/user_guide/indexing.html#returning-a-view-versus-a-copy
[2026-05-18T23:14:52.946+0000] {logging_mixin.py:188} WARNING - /opt/airflow/dags/../src/transform.py:71 SettingWithCopyWarning: 
A value is trying to be set on a copy of a slice from a DataFrame.
Try using .loc[row_indexer,col_indexer] = value instead

See the caveats in the documentation: https://pandas.pydata.org/pandas-docs/stable/user_guide/indexing.html#returning-a-view-versus-a-copy
[2026-05-18T23:14:53.006+0000] {logging_mixin.py:188} WARNING - /opt/airflow/dags/../src/transform.py:71 SettingWithCopyWarning: 
A value is trying to be set on a copy of a slice from a DataFrame.
Try using .loc[row_indexer,col_indexer] = value instead

See the caveats in the documentation: https://pandas.pydata.org/pandas-docs/stable/user_guide/indexing.html#returning-a-view-versus-a-copy
[2026-05-18T23:14:53.009+0000] {logging_mixin.py:188} WARNING - /opt/airflow/dags/../src/transform.py:76 SettingWithCopyWarning: 
A value is trying to be set on a copy of a slice from a DataFrame.
Try using .loc[row_indexer,col_indexer] = value instead

See the caveats in the documentation: https://pandas.pydata.org/pandas-docs/stable/user_guide/indexing.html#returning-a-view-versus-a-copy
[2026-05-18T23:14:53.089+0000] {logging_mixin.py:188} WARNING - /opt/airflow/dags/../src/transform.py:78 SettingWithCopyWarning: 
A value is trying to be set on a copy of a slice from a DataFrame.
Try using .loc[row_indexer,col_indexer] = value instead

See the caveats in the documentation: https://pandas.pydata.org/pandas-docs/stable/user_guide/indexing.html#returning-a-view-versus-a-copy
[2026-05-18T23:14:53.089+0000] {transform.py:80} INFO - Timesheets transformation completed successfully.
[2026-05-18T23:14:53.446+0000] {etl_dag.py:70} INFO - Successfully transformed timesheet data saved to data/processed/transformed_timesheets.parquet
[2026-05-18T23:14:53.472+0000] {python.py:201} INFO - Done. Returned value was: None
[2026-05-18T23:14:53.482+0000] {taskinstance.py:1138} INFO - Marking task as SUCCESS. dag_id=etl_end_to_end_pipeline, task_id=transform_timesheets, execution_date=20260518T231445, start_date=20260518T231451, end_date=20260518T231453
[2026-05-18T23:14:53.550+0000] {local_task_job_runner.py:234} INFO - Task exited with return code 0
[2026-05-18T23:14:53.574+0000] {taskinstance.py:3280} INFO - 1 downstream tasks scheduled from follow-on schedule check
