[2026-05-18T23:03:11.726+0000] {taskinstance.py:1956} INFO - Dependencies all met for dep_context=non-requeueable deps ti=<TaskInstance: etl_end_to_end_pipeline.transform_employee scheduled__2026-05-17T00:00:00+00:00 [queued]>
[2026-05-18T23:03:11.734+0000] {taskinstance.py:1956} INFO - Dependencies all met for dep_context=requeueable deps ti=<TaskInstance: etl_end_to_end_pipeline.transform_employee scheduled__2026-05-17T00:00:00+00:00 [queued]>
[2026-05-18T23:03:11.734+0000] {taskinstance.py:2170} INFO - Starting attempt 1 of 2
[2026-05-18T23:03:11.750+0000] {taskinstance.py:2191} INFO - Executing <Task(PythonOperator): transform_employee> on 2026-05-17 00:00:00+00:00
[2026-05-18T23:03:11.759+0000] {standard_task_runner.py:60} INFO - Started process 282 to run task
[2026-05-18T23:03:11.764+0000] {standard_task_runner.py:87} INFO - Running: ['airflow', 'tasks', 'run', 'etl_end_to_end_pipeline', 'transform_employee', 'scheduled__2026-05-17T00:00:00+00:00', '--job-id', '7', '--raw', '--subdir', 'DAGS_FOLDER/etl_dag.py', '--cfg-path', '/tmp/tmp5w79071d']
[2026-05-18T23:03:11.767+0000] {standard_task_runner.py:88} INFO - Job 7: Subtask transform_employee
[2026-05-18T23:03:11.835+0000] {task_command.py:423} INFO - Running <TaskInstance: etl_end_to_end_pipeline.transform_employee scheduled__2026-05-17T00:00:00+00:00 [running]> on host 7e6c5cf7b6ad
[2026-05-18T23:03:11.929+0000] {taskinstance.py:2480} INFO - Exporting env vars: AIRFLOW_CTX_DAG_OWNER='airflow' AIRFLOW_CTX_DAG_ID='etl_end_to_end_pipeline' AIRFLOW_CTX_TASK_ID='transform_employee' AIRFLOW_CTX_EXECUTION_DATE='2026-05-17T00:00:00+00:00' AIRFLOW_CTX_TRY_NUMBER='1' AIRFLOW_CTX_DAG_RUN_ID='scheduled__2026-05-17T00:00:00+00:00'
[2026-05-18T23:03:11.932+0000] {etl_dag.py:50} INFO - Starting transformation of employee data
[2026-05-18T23:03:12.000+0000] {transform.py:11} INFO - Starting employee transformation rules...
[2026-05-18T23:03:12.033+0000] {transform.py:38} INFO - Employee transformation completed successfully.
[2026-05-18T23:03:12.088+0000] {etl_dag.py:57} INFO - Successfully transformed employee data saved to data/processed/transformed_employee.parquet
[2026-05-18T23:03:12.089+0000] {python.py:201} INFO - Done. Returned value was: None
[2026-05-18T23:03:12.103+0000] {taskinstance.py:1138} INFO - Marking task as SUCCESS. dag_id=etl_end_to_end_pipeline, task_id=transform_employee, execution_date=20260517T000000, start_date=20260518T230311, end_date=20260518T230312
[2026-05-18T23:03:12.138+0000] {local_task_job_runner.py:234} INFO - Task exited with return code 0
[2026-05-18T23:03:12.172+0000] {taskinstance.py:3280} INFO - 0 downstream tasks scheduled from follow-on schedule check
[2026-05-18T23:19:50.903+0000] {taskinstance.py:1956} INFO - Dependencies all met for dep_context=non-requeueable deps ti=<TaskInstance: etl_end_to_end_pipeline.transform_employee scheduled__2026-05-17T00:00:00+00:00 [queued]>
[2026-05-18T23:19:50.919+0000] {taskinstance.py:1956} INFO - Dependencies all met for dep_context=requeueable deps ti=<TaskInstance: etl_end_to_end_pipeline.transform_employee scheduled__2026-05-17T00:00:00+00:00 [queued]>
[2026-05-18T23:19:50.921+0000] {taskinstance.py:2170} INFO - Starting attempt 1 of 2
[2026-05-18T23:19:50.943+0000] {taskinstance.py:2191} INFO - Executing <Task(PythonOperator): transform_employee> on 2026-05-17 00:00:00+00:00
[2026-05-18T23:19:50.968+0000] {standard_task_runner.py:60} INFO - Started process 280 to run task
[2026-05-18T23:19:50.976+0000] {standard_task_runner.py:87} INFO - Running: ['airflow', 'tasks', 'run', 'etl_end_to_end_pipeline', 'transform_employee', 'scheduled__2026-05-17T00:00:00+00:00', '--job-id', '6', '--raw', '--subdir', 'DAGS_FOLDER/etl_dag.py', '--cfg-path', '/tmp/tmpv8zbfne2']
[2026-05-18T23:19:50.981+0000] {standard_task_runner.py:88} INFO - Job 6: Subtask transform_employee
[2026-05-18T23:19:51.125+0000] {task_command.py:423} INFO - Running <TaskInstance: etl_end_to_end_pipeline.transform_employee scheduled__2026-05-17T00:00:00+00:00 [running]> on host c096087c5df6
[2026-05-18T23:19:51.305+0000] {taskinstance.py:2480} INFO - Exporting env vars: AIRFLOW_CTX_DAG_OWNER='airflow' AIRFLOW_CTX_DAG_ID='etl_end_to_end_pipeline' AIRFLOW_CTX_TASK_ID='transform_employee' AIRFLOW_CTX_EXECUTION_DATE='2026-05-17T00:00:00+00:00' AIRFLOW_CTX_TRY_NUMBER='1' AIRFLOW_CTX_DAG_RUN_ID='scheduled__2026-05-17T00:00:00+00:00'
[2026-05-18T23:19:51.309+0000] {etl_dag.py:50} INFO - Starting transformation of employee data
[2026-05-18T23:19:51.394+0000] {transform.py:11} INFO - Starting employee transformation rules...
[2026-05-18T23:19:51.438+0000] {transform.py:38} INFO - Employee transformation completed successfully.
[2026-05-18T23:19:51.508+0000] {etl_dag.py:57} INFO - Successfully transformed employee data saved to data/processed/transformed_employee.parquet
[2026-05-18T23:19:51.510+0000] {python.py:201} INFO - Done. Returned value was: None
[2026-05-18T23:19:51.533+0000] {taskinstance.py:1138} INFO - Marking task as SUCCESS. dag_id=etl_end_to_end_pipeline, task_id=transform_employee, execution_date=20260517T000000, start_date=20260518T231950, end_date=20260518T231951
[2026-05-18T23:19:51.590+0000] {local_task_job_runner.py:234} INFO - Task exited with return code 0
[2026-05-18T23:19:51.623+0000] {taskinstance.py:3280} INFO - 0 downstream tasks scheduled from follow-on schedule check
