[2026-05-18T23:12:51.767+0000] {taskinstance.py:1956} INFO - Dependencies all met for dep_context=non-requeueable deps ti=<TaskInstance: etl_end_to_end_pipeline.transform_timesheets manual__2026-05-18T23:10:30.189305+00:00 [queued]>
[2026-05-18T23:12:51.776+0000] {taskinstance.py:1956} INFO - Dependencies all met for dep_context=requeueable deps ti=<TaskInstance: etl_end_to_end_pipeline.transform_timesheets manual__2026-05-18T23:10:30.189305+00:00 [queued]>
[2026-05-18T23:12:51.777+0000] {taskinstance.py:2170} INFO - Starting attempt 1 of 2
[2026-05-18T23:12:51.793+0000] {taskinstance.py:2191} INFO - Executing <Task(PythonOperator): transform_timesheets> on 2026-05-18 23:10:30.189305+00:00
[2026-05-18T23:12:51.802+0000] {standard_task_runner.py:60} INFO - Started process 984 to run task
[2026-05-18T23:12:51.806+0000] {standard_task_runner.py:87} INFO - Running: ['airflow', 'tasks', 'run', 'etl_end_to_end_pipeline', 'transform_timesheets', 'manual__2026-05-18T23:10:30.189305+00:00', '--job-id', '43', '--raw', '--subdir', 'DAGS_FOLDER/etl_dag.py', '--cfg-path', '/tmp/tmpdfkwfb8s']
[2026-05-18T23:12:51.808+0000] {standard_task_runner.py:88} INFO - Job 43: Subtask transform_timesheets
[2026-05-18T23:12:51.871+0000] {task_command.py:423} INFO - Running <TaskInstance: etl_end_to_end_pipeline.transform_timesheets manual__2026-05-18T23:10:30.189305+00:00 [running]> on host 7e6c5cf7b6ad
[2026-05-18T23:12:51.951+0000] {taskinstance.py:2480} INFO - Exporting env vars: AIRFLOW_CTX_DAG_OWNER='airflow' AIRFLOW_CTX_DAG_ID='etl_end_to_end_pipeline' AIRFLOW_CTX_TASK_ID='transform_timesheets' AIRFLOW_CTX_EXECUTION_DATE='2026-05-18T23:10:30.189305+00:00' AIRFLOW_CTX_TRY_NUMBER='1' AIRFLOW_CTX_DAG_RUN_ID='manual__2026-05-18T23:10:30.189305+00:00'
[2026-05-18T23:12:51.952+0000] {etl_dag.py:63} INFO - Starting transformation of timesheet data
[2026-05-18T23:12:52.272+0000] {transform.py:49} INFO - Starting timesheet transformation rules...
[2026-05-18T23:12:52.850+0000] {logging_mixin.py:188} WARNING - /opt/airflow/dags/../src/transform.py:57 SettingWithCopyWarning: 
A value is trying to be set on a copy of a slice from a DataFrame.
Try using .loc[row_indexer,col_indexer] = value instead

See the caveats in the documentation: https://pandas.pydata.org/pandas-docs/stable/user_guide/indexing.html#returning-a-view-versus-a-copy
[2026-05-18T23:12:52.902+0000] {logging_mixin.py:188} WARNING - /opt/airflow/dags/../src/transform.py:57 SettingWithCopyWarning: 
A value is trying to be set on a copy of a slice from a DataFrame.
Try using .loc[row_indexer,col_indexer] = value instead

See the caveats in the documentation: https://pandas.pydata.org/pandas-docs/stable/user_guide/indexing.html#returning-a-view-versus-a-copy
[2026-05-18T23:12:52.961+0000] {logging_mixin.py:188} WARNING - /opt/airflow/dags/../src/transform.py:57 SettingWithCopyWarning: 
A value is trying to be set on a copy of a slice from a DataFrame.
Try using .loc[row_indexer,col_indexer] = value instead

See the caveats in the documentation: https://pandas.pydata.org/pandas-docs/stable/user_guide/indexing.html#returning-a-view-versus-a-copy
[2026-05-18T23:12:53.013+0000] {logging_mixin.py:188} WARNING - /opt/airflow/dags/../src/transform.py:57 SettingWithCopyWarning: 
A value is trying to be set on a copy of a slice from a DataFrame.
Try using .loc[row_indexer,col_indexer] = value instead

See the caveats in the documentation: https://pandas.pydata.org/pandas-docs/stable/user_guide/indexing.html#returning-a-view-versus-a-copy
[2026-05-18T23:12:53.066+0000] {logging_mixin.py:188} WARNING - /opt/airflow/dags/../src/transform.py:57 SettingWithCopyWarning: 
A value is trying to be set on a copy of a slice from a DataFrame.
Try using .loc[row_indexer,col_indexer] = value instead

See the caveats in the documentation: https://pandas.pydata.org/pandas-docs/stable/user_guide/indexing.html#returning-a-view-versus-a-copy
[2026-05-18T23:12:53.117+0000] {logging_mixin.py:188} WARNING - /opt/airflow/dags/../src/transform.py:57 SettingWithCopyWarning: 
A value is trying to be set on a copy of a slice from a DataFrame.
Try using .loc[row_indexer,col_indexer] = value instead

See the caveats in the documentation: https://pandas.pydata.org/pandas-docs/stable/user_guide/indexing.html#returning-a-view-versus-a-copy
[2026-05-18T23:12:53.171+0000] {logging_mixin.py:188} WARNING - /opt/airflow/dags/../src/transform.py:57 SettingWithCopyWarning: 
A value is trying to be set on a copy of a slice from a DataFrame.
Try using .loc[row_indexer,col_indexer] = value instead

See the caveats in the documentation: https://pandas.pydata.org/pandas-docs/stable/user_guide/indexing.html#returning-a-view-versus-a-copy
[2026-05-18T23:12:53.222+0000] {logging_mixin.py:188} WARNING - /opt/airflow/dags/../src/transform.py:57 SettingWithCopyWarning: 
A value is trying to be set on a copy of a slice from a DataFrame.
Try using .loc[row_indexer,col_indexer] = value instead

See the caveats in the documentation: https://pandas.pydata.org/pandas-docs/stable/user_guide/indexing.html#returning-a-view-versus-a-copy
[2026-05-18T23:12:53.272+0000] {logging_mixin.py:188} WARNING - /opt/airflow/dags/../src/transform.py:57 SettingWithCopyWarning: 
A value is trying to be set on a copy of a slice from a DataFrame.
Try using .loc[row_indexer,col_indexer] = value instead

See the caveats in the documentation: https://pandas.pydata.org/pandas-docs/stable/user_guide/indexing.html#returning-a-view-versus-a-copy
[2026-05-18T23:12:53.327+0000] {logging_mixin.py:188} WARNING - /opt/airflow/dags/../src/transform.py:57 SettingWithCopyWarning: 
A value is trying to be set on a copy of a slice from a DataFrame.
Try using .loc[row_indexer,col_indexer] = value instead

See the caveats in the documentation: https://pandas.pydata.org/pandas-docs/stable/user_guide/indexing.html#returning-a-view-versus-a-copy
[2026-05-18T23:12:53.382+0000] {logging_mixin.py:188} WARNING - /opt/airflow/dags/../src/transform.py:57 SettingWithCopyWarning: 
A value is trying to be set on a copy of a slice from a DataFrame.
Try using .loc[row_indexer,col_indexer] = value instead

See the caveats in the documentation: https://pandas.pydata.org/pandas-docs/stable/user_guide/indexing.html#returning-a-view-versus-a-copy
[2026-05-18T23:12:53.432+0000] {logging_mixin.py:188} WARNING - /opt/airflow/dags/../src/transform.py:57 SettingWithCopyWarning: 
A value is trying to be set on a copy of a slice from a DataFrame.
Try using .loc[row_indexer,col_indexer] = value instead

See the caveats in the documentation: https://pandas.pydata.org/pandas-docs/stable/user_guide/indexing.html#returning-a-view-versus-a-copy
[2026-05-18T23:12:53.495+0000] {logging_mixin.py:188} WARNING - /opt/airflow/dags/../src/transform.py:57 SettingWithCopyWarning: 
A value is trying to be set on a copy of a slice from a DataFrame.
Try using .loc[row_indexer,col_indexer] = value instead

See the caveats in the documentation: https://pandas.pydata.org/pandas-docs/stable/user_guide/indexing.html#returning-a-view-versus-a-copy
[2026-05-18T23:12:53.505+0000] {logging_mixin.py:188} WARNING - /opt/airflow/dags/../src/transform.py:61 SettingWithCopyWarning: 
A value is trying to be set on a copy of a slice from a DataFrame.
Try using .loc[row_indexer,col_indexer] = value instead

See the caveats in the documentation: https://pandas.pydata.org/pandas-docs/stable/user_guide/indexing.html#returning-a-view-versus-a-copy
[2026-05-18T23:12:53.530+0000] {logging_mixin.py:188} WARNING - /opt/airflow/dags/../src/transform.py:63 SettingWithCopyWarning: 
A value is trying to be set on a copy of a slice from a DataFrame.
Try using .loc[row_indexer,col_indexer] = value instead

See the caveats in the documentation: https://pandas.pydata.org/pandas-docs/stable/user_guide/indexing.html#returning-a-view-versus-a-copy
[2026-05-18T23:12:53.555+0000] {logging_mixin.py:188} WARNING - /opt/airflow/dags/../src/transform.py:65 SettingWithCopyWarning: 
A value is trying to be set on a copy of a slice from a DataFrame.
Try using .loc[row_indexer,col_indexer] = value instead

See the caveats in the documentation: https://pandas.pydata.org/pandas-docs/stable/user_guide/indexing.html#returning-a-view-versus-a-copy
[2026-05-18T23:12:53.579+0000] {logging_mixin.py:188} WARNING - /opt/airflow/dags/../src/transform.py:71 SettingWithCopyWarning: 
A value is trying to be set on a copy of a slice from a DataFrame.
Try using .loc[row_indexer,col_indexer] = value instead

See the caveats in the documentation: https://pandas.pydata.org/pandas-docs/stable/user_guide/indexing.html#returning-a-view-versus-a-copy
[2026-05-18T23:12:53.639+0000] {logging_mixin.py:188} WARNING - /opt/airflow/dags/../src/transform.py:71 SettingWithCopyWarning: 
A value is trying to be set on a copy of a slice from a DataFrame.
Try using .loc[row_indexer,col_indexer] = value instead

See the caveats in the documentation: https://pandas.pydata.org/pandas-docs/stable/user_guide/indexing.html#returning-a-view-versus-a-copy
[2026-05-18T23:12:53.698+0000] {logging_mixin.py:188} WARNING - /opt/airflow/dags/../src/transform.py:71 SettingWithCopyWarning: 
A value is trying to be set on a copy of a slice from a DataFrame.
Try using .loc[row_indexer,col_indexer] = value instead

See the caveats in the documentation: https://pandas.pydata.org/pandas-docs/stable/user_guide/indexing.html#returning-a-view-versus-a-copy
[2026-05-18T23:12:53.701+0000] {logging_mixin.py:188} WARNING - /opt/airflow/dags/../src/transform.py:76 SettingWithCopyWarning: 
A value is trying to be set on a copy of a slice from a DataFrame.
Try using .loc[row_indexer,col_indexer] = value instead

See the caveats in the documentation: https://pandas.pydata.org/pandas-docs/stable/user_guide/indexing.html#returning-a-view-versus-a-copy
[2026-05-18T23:12:53.780+0000] {logging_mixin.py:188} WARNING - /opt/airflow/dags/../src/transform.py:78 SettingWithCopyWarning: 
A value is trying to be set on a copy of a slice from a DataFrame.
Try using .loc[row_indexer,col_indexer] = value instead

See the caveats in the documentation: https://pandas.pydata.org/pandas-docs/stable/user_guide/indexing.html#returning-a-view-versus-a-copy
[2026-05-18T23:12:53.781+0000] {transform.py:80} INFO - Timesheets transformation completed successfully.
[2026-05-18T23:12:54.237+0000] {etl_dag.py:70} INFO - Successfully transformed timesheet data saved to data/processed/transformed_timesheets.parquet
[2026-05-18T23:12:54.269+0000] {python.py:201} INFO - Done. Returned value was: None
[2026-05-18T23:12:54.282+0000] {taskinstance.py:1138} INFO - Marking task as SUCCESS. dag_id=etl_end_to_end_pipeline, task_id=transform_timesheets, execution_date=20260518T231030, start_date=20260518T231251, end_date=20260518T231254
[2026-05-18T23:12:54.387+0000] {local_task_job_runner.py:234} INFO - Task exited with return code 0
[2026-05-18T23:12:54.412+0000] {taskinstance.py:3280} INFO - 1 downstream tasks scheduled from follow-on schedule check
